https://api.weather.gov/gridpoints/BOX/94,77
https://api.weather.gov/gridpoints/BOX/93,77
https://api.weather.gov/gridpoints/BOX/94,77
https://api.weather.gov/gridpoints/BOX/93,72
https://api.weather.gov/gridpoints/GYX/19,20
https://api.weather.gov/gridpoints/GYX/19,21
https://api.weather.gov/gridpoints/GYX/19,20
https://api.weather.gov/gridpoints/GYX/19,19
https://api.weather.gov/gridpoints/GYX/19,20
https://api.weather.gov/gridpoints/GYX/19,19
https://api.weather.gov/gridpoints/BOX/83,116
https://api.weather.gov/gridpoints/BOX/102,74
https://api.weather.gov/gridpoints/BOX/9,102
https://api.weather.gov/gridpoints/ALY/89,62
https://api.weather.gov/gridpoints/ALY/88,63
https://api.weather.gov/gridpoints/ALY/89,63
https://api.weather.gov/gridpoints/ALY/89,62
https://api.weather.gov/gridpoints/ALY/88,63
https://api.weather.gov/gridpoints/ALY/89,62
https://api.weather.gov/gridpoints/ALY/88,63
https://api.weather.gov/gridpoints/ALY/89,63
https://api.weather.gov/gridpoints/CAR/34,85
https://api.weather.gov/gridpoints/GYX/76,125
https://api.weather.gov/gridpoints/CAR/35,85
https://api.weather.gov/gridpoints/CAR/34,85
https://api.weather.gov/gridpoints/GYX/78,128
https://api.weather.gov/gridpoints/GYX/78,127
https://api.weather.gov/gridpoints/GYX/78,129
https://api.weather.gov/gridpoints/GYX/77,126
https://api.weather.gov/gridpoints/GYX/76,125
https://api.weather.gov/gridpoints/GYX/78,127
https://api.weather.gov/gridpoints/CAR/35,86
https://api.weather.gov/gridpoints/GYX/78,129
https://api.weather.gov/gridpoints/CAR/34,86
https://api.weather.gov/gridpoints/GYX/77,126
https://api.weather.gov/gridpoints/CAR/34,85
https://api.weather.gov/gridpoints/CAR/35,86
https://api.weather.gov/gridpoints/GYX/76,124
https://api.weather.gov/gridpoints/CAR/35,86
https://api.weather.gov/gridpoints/GYX/76,125
https://api.weather.gov/gridpoints/GYX/78,130
https://api.weather.gov/gridpoints/GYX/78,128
https://api.weather.gov/gridpoints/GYX/77,127
https://api.weather.gov/gridpoints/GYX/77,126
https://api.weather.gov/gridpoints/GYX/78,127
https://api.weather.gov/gridpoints/CAR/34,86
https://api.weather.gov/gridpoints/GYX/77,127
https://api.weather.gov/gridpoints/CAR/35,86
https://api.weather.gov/gridpoints/GYX/77,126
https://api.weather.gov/gridpoints/GYX/78,130
https://api.weather.gov/gridpoints/CAR/34,86
https://api.weather.gov/gridpoints/GYX/76,125
https://api.weather.gov/gridpoints/GYX/76,126
https://api.weather.gov/gridpoints/GYX/78,128
https://api.weather.gov/gridpoints/GYX/79,130
https://api.weather.gov/gridpoints/CAR/34,86
https://api.weather.gov/gridpoints/GYX/76,126
https://api.weather.gov/gridpoints/CAR/34,86
https://api.weather.gov/gridpoints/GYX/79,130
https://api.weather.gov/gridpoints/GYX/78,129
https://api.weather.gov/gridpoints/CAR/35,85
https://api.weather.gov/gridpoints/GYX/78,129
https://api.weather.gov/gridpoints/CAR/34,86
https://api.weather.gov/gridpoints/CAR/34,85
https://api.weather.gov/gridpoints/GYX/78,129
https://api.weather.gov/gridpoints/CAR/34,86
https://api.weather.gov/gridpoints/GYX/76,126
https://api.weather.gov/gridpoints/GYX/76,125
https://api.weather.gov/gridpoints/GYX/79,130
https://api.weather.gov/gridpoints/GYX/76,125
https://api.weather.gov/gridpoints/CAR/34,86
https://api.weather.gov/gridpoints/BOX/65,42
https://api.weather.gov/gridpoints/BOX/66,42
https://api.weather.gov/gridpoints/BOX/66,43
https://api.weather.gov/gridpoints/BOX/66,42
https://api.weather.gov/gridpoints/BTV/101,56
https://api.weather.gov/gridpoints/CAR/87,73
https://api.weather.gov/gridpoints/CAR/87,75
https://api.weather.gov/gridpoints/CAR/87,74
https://api.weather.gov/gridpoints/CAR/87,75
https://api.weather.gov/gridpoints/CAR/86,75
https://api.weather.gov/gridpoints/CAR/87,75
https://api.weather.gov/gridpoints/CAR/87,73
https://api.weather.gov/gridpoints/CAR/87,74
https://api.weather.gov/gridpoints/CAR/87,75
https://api.weather.gov/gridpoints/CAR/87,74
https://api.weather.gov/gridpoints/CAR/87,73
https://api.weather.gov/gridpoints/CAR/87,74
https://api.weather.gov/gridpoints/CAR/87,75
https://api.weather.gov/gridpoints/CAR/87,74
https://api.weather.gov/gridpoints/CAR/86,75
https://api.weather.gov/gridpoints/CAR/87,73
https://api.weather.gov/gridpoints/CAR/86,75
https://api.weather.gov/gridpoints/BOX/89,84
https://api.weather.gov/gridpoints/GYX/64,97
https://api.weather.gov/gridpoints/GYX/64,96
https://api.weather.gov/gridpoints/GYX/64,97
https://api.weather.gov/gridpoints/GYX/63,96
https://api.weather.gov/gridpoints/GYX/64,96
https://api.weather.gov/gridpoints/GYX/64,97
https://api.weather.gov/gridpoints/BOX/108,76
https://api.weather.gov/gridpoints/BOX/71,102
https://api.weather.gov/gridpoints/BOX/70,103
https://api.weather.gov/gridpoints/ALY/96,77
https://api.weather.gov/gridpoints/ALY/97,76
https://api.weather.gov/gridpoints/ALY/96,77
https://api.weather.gov/gridpoints/ALY/97,77
https://api.weather.gov/gridpoints/ALY/97,76
https://api.weather.gov/gridpoints/ALY/96,78
https://api.weather.gov/gridpoints/ALY/96,77
https://api.weather.gov/gridpoints/ALY/97,76
https://api.weather.gov/gridpoints/ALY/97,77
https://api.weather.gov/gridpoints/ALY/96,78
https://api.weather.gov/gridpoints/ALY/96,77
https://api.weather.gov/gridpoints/ALY/97,76
https://api.weather.gov/gridpoints/ALY/96,77
https://api.weather.gov/gridpoints/ALY/97,76
https://api.weather.gov/gridpoints/BOX/40,106
https://api.weather.gov/gridpoints/BTV/91,55
https://api.weather.gov/gridpoints/BOX/83,115
https://api.weather.gov/gridpoints/BOX/84,69
https://api.weather.gov/gridpoints/BOX/83,70
https://api.weather.gov/gridpoints/BOX/92,70
https://api.weather.gov/gridpoints/BOX/93,70
https://api.weather.gov/gridpoints/BOX/92,70
https://api.weather.gov/gridpoints/BOX/65,73
https://api.weather.gov/gridpoints/BOX/73,103
https://api.weather.gov/gridpoints/GYX/114,86
https://api.weather.gov/gridpoints/BOX/91,77
https://api.weather.gov/gridpoints/GYX/50,155
https://api.weather.gov/gridpoints/BTV/92,66
https://api.weather.gov/gridpoints/GYX/30,101
https://api.weather.gov/gridpoints/GYX/29,102
https://api.weather.gov/gridpoints/GYX/30,101
https://api.weather.gov/gridpoints/GYX/28,104
https://api.weather.gov/gridpoints/GYX/28,106
https://api.weather.gov/gridpoints/GYX/29,103
https://api.weather.gov/gridpoints/GYX/28,103
https://api.weather.gov/gridpoints/GYX/30,100
https://api.weather.gov/gridpoints/GYX/30,101
https://api.weather.gov/gridpoints/GYX/28,102
https://api.weather.gov/gridpoints/GYX/30,101
https://api.weather.gov/gridpoints/GYX/29,102
https://api.weather.gov/gridpoints/GYX/30,101
https://api.weather.gov/gridpoints/GYX/28,102
https://api.weather.gov/gridpoints/GYX/28,106
https://api.weather.gov/gridpoints/GYX/28,105
https://api.weather.gov/gridpoints/GYX/30,101
https://api.weather.gov/gridpoints/GYX/28,104
https://api.weather.gov/gridpoints/GYX/28,106
https://api.weather.gov/gridpoints/GYX/28,103
https://api.weather.gov/gridpoints/GYX/30,101
https://api.weather.gov/gridpoints/GYX/28,103
https://api.weather.gov/gridpoints/GYX/29,102
https://api.weather.gov/gridpoints/GYX/28,103
https://api.weather.gov/gridpoints/GYX/28,106
https://api.weather.gov/gridpoints/GYX/28,104
https://api.weather.gov/gridpoints/GYX/28,106
https://api.weather.gov/gridpoints/GYX/28,105
https://api.weather.gov/gridpoints/ALY/97,77
https://api.weather.gov/gridpoints/GYX/21,53
https://api.weather.gov/gridpoints/GYX/20,54
https://api.weather.gov/gridpoints/GYX/21,54
https://api.weather.gov/gridpoints/GYX/19,54
https://api.weather.gov/gridpoints/GYX/21,53
https://api.weather.gov/gridpoints/GYX/19,54
https://api.weather.gov/gridpoints/GYX/20,54
https://api.weather.gov/gridpoints/GYX/21,52
https://api.weather.gov/gridpoints/GYX/20,53
https://api.weather.gov/gridpoints/GYX/20,54
https://api.weather.gov/gridpoints/GYX/21,53
https://api.weather.gov/gridpoints/GYX/21,52
https://api.weather.gov/gridpoints/GYX/20,53
https://api.weather.gov/gridpoints/GYX/20,54
https://api.weather.gov/gridpoints/GYX/21,53
https://api.weather.gov/gridpoints/GYX/20,54
https://api.weather.gov/gridpoints/GYX/21,53
https://api.weather.gov/gridpoints/CAR/86,77
https://api.weather.gov/gridpoints/CAR/87,77
https://api.weather.gov/gridpoints/CAR/86,77
https://api.weather.gov/gridpoints/CAR/88,77
https://api.weather.gov/gridpoints/CAR/88,76
https://api.weather.gov/gridpoints/CAR/86,77
https://api.weather.gov/gridpoints/CAR/87,75
https://api.weather.gov/gridpoints/CAR/86,76
https://api.weather.gov/gridpoints/CAR/87,77
https://api.weather.gov/gridpoints/CAR/88,77
https://api.weather.gov/gridpoints/CAR/86,77
https://api.weather.gov/gridpoints/CAR/88,76
https://api.weather.gov/gridpoints/CAR/87,77
https://api.weather.gov/gridpoints/CAR/88,76
https://api.weather.gov/gridpoints/BTV/91,56
https://api.weather.gov/gridpoints/BOX/71,64
https://api.weather.gov/gridpoints/BOX/12,84
https://api.weather.gov/gridpoints/BOX/48,91
https://api.weather.gov/gridpoints/BOX/3,105
https://api.weather.gov/gridpoints/ALY/95,71
https://api.weather.gov/gridpoints/ALY/95,70
https://api.weather.gov/gridpoints/BOX/3,106
https://api.weather.gov/gridpoints/ALY/95,71
https://api.weather.gov/gridpoints/BOX/3,105
https://api.weather.gov/gridpoints/ALY/95,71
https://api.weather.gov/gridpoints/BOX/3,106
https://api.weather.gov/gridpoints/BOX/3,105
https://api.weather.gov/gridpoints/ALY/96,70
https://api.weather.gov/gridpoints/ALY/95,70
https://api.weather.gov/gridpoints/ALY/95,71
https://api.weather.gov/gridpoints/ALY/95,70
https://api.weather.gov/gridpoints/BOX/3,106
https://api.weather.gov/gridpoints/BOX/76,99
https://api.weather.gov/gridpoints/BOX/79,98
https://api.weather.gov/gridpoints/BOX/102,74
https://api.weather.gov/gridpoints/BOX/72,99
https://api.weather.gov/gridpoints/BOX/76,118
https://api.weather.gov/gridpoints/GYX/34,89
https://api.weather.gov/gridpoints/ALY/88,61
https://api.weather.gov/gridpoints/GYX/48,133
https://api.weather.gov/gridpoints/GYX/48,132
https://api.weather.gov/gridpoints/GYX/49,133
https://api.weather.gov/gridpoints/GYX/48,133
https://api.weather.gov/gridpoints/GYX/49,133
https://api.weather.gov/gridpoints/GYX/47,132
https://api.weather.gov/gridpoints/GYX/48,134
https://api.weather.gov/gridpoints/GYX/49,133
https://api.weather.gov/gridpoints/GYX/48,134
https://api.weather.gov/gridpoints/GYX/48,133
https://api.weather.gov/gridpoints/GYX/47,132
https://api.weather.gov/gridpoints/GYX/49,133
https://api.weather.gov/gridpoints/GYX/48,132
https://api.weather.gov/gridpoints/GYX/48,133
https://api.weather.gov/gridpoints/GYX/49,133
https://api.weather.gov/gridpoints/GYX/48,133
https://api.weather.gov/gridpoints/GYX/48,134
https://api.weather.gov/gridpoints/GYX/49,133
https://api.weather.gov/gridpoints/GYX/48,133
https://api.weather.gov/gridpoints/GYX/49,136
https://api.weather.gov/gridpoints/GYX/48,136
https://api.weather.gov/gridpoints/GYX/49,136
https://api.weather.gov/gridpoints/GYX/48,136
https://api.weather.gov/gridpoints/GYX/49,136
https://api.weather.gov/gridpoints/GYX/48,136
https://api.weather.gov/gridpoints/GYX/49,135
https://api.weather.gov/gridpoints/GYX/49,136
https://api.weather.gov/gridpoints/GYX/49,135
https://api.weather.gov/gridpoints/GYX/48,136
https://api.weather.gov/gridpoints/GYX/49,135
https://api.weather.gov/gridpoints/GYX/49,136
https://api.weather.gov/gridpoints/GYX/49,135
https://api.weather.gov/gridpoints/GYX/49,136
https://api.weather.gov/gridpoints/GYX/49,135
https://api.weather.gov/gridpoints/GYX/48,136
https://api.weather.gov/gridpoints/GYX/49,135
https://api.weather.gov/gridpoints/GYX/49,136
https://api.weather.gov/gridpoints/GYX/49,135
https://api.weather.gov/gridpoints/BTV/112,73
https://api.weather.gov/gridpoints/BTV/113,74
https://api.weather.gov/gridpoints/BTV/112,73
https://api.weather.gov/gridpoints/BTV/113,74
https://api.weather.gov/gridpoints/BTV/112,73
https://api.weather.gov/gridpoints/BTV/113,74
https://api.weather.gov/gridpoints/BTV/112,73
https://api.weather.gov/gridpoints/BTV/112,72
https://api.weather.gov/gridpoints/BTV/112,74
https://api.weather.gov/gridpoints/BTV/112,73
https://api.weather.gov/gridpoints/BTV/113,74
https://api.weather.gov/gridpoints/BTV/112,73
https://api.weather.gov/gridpoints/BTV/112,72
https://api.weather.gov/gridpoints/BTV/112,73
https://api.weather.gov/gridpoints/BOX/86,86
https://api.weather.gov/gridpoints/BOX/74,106
https://api.weather.gov/gridpoints/GYX/13,27
https://api.weather.gov/gridpoints/GYX/13,28
https://api.weather.gov/gridpoints/GYX/14,27
https://api.weather.gov/gridpoints/GYX/13,27
https://api.weather.gov/gridpoints/GYX/13,28
https://api.weather.gov/gridpoints/GYX/14,27
https://api.weather.gov/gridpoints/GYX/13,28
https://api.weather.gov/gridpoints/GYX/13,27
https://api.weather.gov/gridpoints/GYX/13,28
https://api.weather.gov/gridpoints/GYX/13,27
https://api.weather.gov/gridpoints/BOX/75,101
https://api.weather.gov/gridpoints/BOX/74,122
https://api.weather.gov/gridpoints/CAR/81,161
https://api.weather.gov/gridpoints/CAR/81,160
https://api.weather.gov/gridpoints/CAR/81,161
https://api.weather.gov/gridpoints/CAR/81,162
https://api.weather.gov/gridpoints/CAR/81,161
https://api.weather.gov/gridpoints/CAR/81,160
https://api.weather.gov/gridpoints/CAR/81,162
https://api.weather.gov/gridpoints/CAR/81,161
https://api.weather.gov/gridpoints/CAR/81,160
https://api.weather.gov/gridpoints/CAR/81,161
https://api.weather.gov/gridpoints/CAR/81,162
https://api.weather.gov/gridpoints/CAR/81,160
https://api.weather.gov/gridpoints/CAR/81,162
https://api.weather.gov/gridpoints/CAR/81,161
https://api.weather.gov/gridpoints/CAR/81,162
https://api.weather.gov/gridpoints/CAR/81,160
https://api.weather.gov/gridpoints/CAR/81,149
https://api.weather.gov/gridpoints/CAR/81,162
https://api.weather.gov/gridpoints/CAR/81,161
https://api.weather.gov/gridpoints/BOX/91,76
https://api.weather.gov/gridpoints/BOX/93,73
https://api.weather.gov/gridpoints/BOX/63,85
https://api.weather.gov/gridpoints/BOX/39,106
https://api.weather.gov/gridpoints/GYX/22,84
https://api.weather.gov/gridpoints/BOX/113,58
https://api.weather.gov/gridpoints/BOX/42,84
https://api.weather.gov/gridpoints/BOX/63,70
https://api.weather.gov/gridpoints/BOX/86,86
https://api.weather.gov/gridpoints/BOX/86,85
https://api.weather.gov/gridpoints/BOX/63,63
https://api.weather.gov/gridpoints/CAR/75,138
https://api.weather.gov/gridpoints/CAR/77,137
https://api.weather.gov/gridpoints/CAR/75,136
https://api.weather.gov/gridpoints/CAR/77,135
https://api.weather.gov/gridpoints/CAR/77,137
https://api.weather.gov/gridpoints/CAR/76,136
https://api.weather.gov/gridpoints/CAR/76,138
https://api.weather.gov/gridpoints/CAR/75,136
https://api.weather.gov/gridpoints/CAR/77,138
https://api.weather.gov/gridpoints/CAR/76,137
https://api.weather.gov/gridpoints/CAR/77,136
https://api.weather.gov/gridpoints/CAR/77,135
https://api.weather.gov/gridpoints/CAR/75,137
https://api.weather.gov/gridpoints/CAR/76,136
https://api.weather.gov/gridpoints/CAR/77,135
https://api.weather.gov/gridpoints/CAR/76,138
https://api.weather.gov/gridpoints/CAR/77,135
https://api.weather.gov/gridpoints/CAR/75,137
https://api.weather.gov/gridpoints/CAR/76,138
https://api.weather.gov/gridpoints/CAR/75,136
https://api.weather.gov/gridpoints/CAR/77,137
https://api.weather.gov/gridpoints/CAR/75,137
https://api.weather.gov/gridpoints/CAR/76,137
https://api.weather.gov/gridpoints/CAR/76,138
https://api.weather.gov/gridpoints/CAR/75,136
https://api.weather.gov/gridpoints/CAR/77,135
https://api.weather.gov/gridpoints/CAR/75,136
https://api.weather.gov/gridpoints/CAR/76,138
https://api.weather.gov/gridpoints/CAR/78,137
https://api.weather.gov/gridpoints/CAR/76,135
https://api.weather.gov/gridpoints/CAR/75,137
https://api.weather.gov/gridpoints/CAR/77,136
https://api.weather.gov/gridpoints/CAR/76,138
https://api.weather.gov/gridpoints/CAR/78,137
https://api.weather.gov/gridpoints/CAR/76,138
https://api.weather.gov/gridpoints/CAR/77,135
https://api.weather.gov/gridpoints/CAR/77,137
https://api.weather.gov/gridpoints/CAR/78,137
https://api.weather.gov/gridpoints/CAR/75,136
https://api.weather.gov/gridpoints/CAR/76,138
https://api.weather.gov/gridpoints/CAR/75,137
https://api.weather.gov/gridpoints/CAR/77,137
https://api.weather.gov/gridpoints/ALY/100,48
https://api.weather.gov/gridpoints/CAR/77,92
https://api.weather.gov/gridpoints/CAR/78,93
https://api.weather.gov/gridpoints/CAR/76,92
https://api.weather.gov/gridpoints/CAR/78,93
https://api.weather.gov/gridpoints/CAR/76,92
https://api.weather.gov/gridpoints/CAR/77,92
https://api.weather.gov/gridpoints/CAR/78,93
https://api.weather.gov/gridpoints/CAR/77,92
https://api.weather.gov/gridpoints/CAR/76,92
https://api.weather.gov/gridpoints/GYX/95,102
https://api.weather.gov/gridpoints/BOX/74,73
https://api.weather.gov/gridpoints/OKX/67,74
https://api.weather.gov/gridpoints/CAR/74,75
https://api.weather.gov/gridpoints/CAR/75,75
https://api.weather.gov/gridpoints/CAR/74,75
https://api.weather.gov/gridpoints/BOX/70,65
https://api.weather.gov/gridpoints/CAR/73,165
https://api.weather.gov/gridpoints/BOX/42,101
https://api.weather.gov/gridpoints/GYX/52,100
https://api.weather.gov/gridpoints/GYX/52,102
https://api.weather.gov/gridpoints/GYX/52,101
https://api.weather.gov/gridpoints/GYX/52,100
https://api.weather.gov/gridpoints/GYX/51,102
https://api.weather.gov/gridpoints/GYX/52,102
https://api.weather.gov/gridpoints/GYX/52,101
https://api.weather.gov/gridpoints/GYX/52,100
https://api.weather.gov/gridpoints/GYX/51,102
https://api.weather.gov/gridpoints/GYX/52,102
https://api.weather.gov/gridpoints/GYX/52,101
https://api.weather.gov/gridpoints/GYX/51,102
https://api.weather.gov/gridpoints/GYX/52,102
https://api.weather.gov/gridpoints/GYX/52,101
https://api.weather.gov/gridpoints/GYX/51,102
https://api.weather.gov/gridpoints/GYX/52,102
https://api.weather.gov/gridpoints/GYX/51,102
https://api.weather.gov/gridpoints/GYX/52,100
https://api.weather.gov/gridpoints/BTV/115,46
https://api.weather.gov/gridpoints/CAR/74,104
https://api.weather.gov/gridpoints/CAR/74,101
https://api.weather.gov/gridpoints/CAR/74,100
https://api.weather.gov/gridpoints/CAR/73,101
https://api.weather.gov/gridpoints/CAR/74,100
https://api.weather.gov/gridpoints/CAR/74,99
https://api.weather.gov/gridpoints/CAR/74,105
https://api.weather.gov/gridpoints/CAR/74,104
https://api.weather.gov/gridpoints/CAR/74,99
https://api.weather.gov/gridpoints/CAR/74,100
https://api.weather.gov/gridpoints/CAR/74,101
https://api.weather.gov/gridpoints/CAR/74,99
https://api.weather.gov/gridpoints/CAR/74,105
https://api.weather.gov/gridpoints/CAR/74,99
https://api.weather.gov/gridpoints/CAR/74,104
https://api.weather.gov/gridpoints/CAR/74,99
https://api.weather.gov/gridpoints/CAR/74,101
https://api.weather.gov/gridpoints/CAR/74,99
https://api.weather.gov/gridpoints/CAR/74,104
https://api.weather.gov/gridpoints/CAR/74,100
https://api.weather.gov/gridpoints/CAR/74,104
https://api.weather.gov/gridpoints/CAR/74,101
https://api.weather.gov/gridpoints/CAR/74,104
https://api.weather.gov/gridpoints/CAR/74,99
https://api.weather.gov/gridpoints/CAR/73,105
https://api.weather.gov/gridpoints/CAR/74,100
https://api.weather.gov/gridpoints/CAR/74,103
https://api.weather.gov/gridpoints/CAR/73,101
https://api.weather.gov/gridpoints/CAR/74,103
https://api.weather.gov/gridpoints/CAR/73,105
https://api.weather.gov/gridpoints/CAR/74,101
https://api.weather.gov/gridpoints/CAR/73,105
https://api.weather.gov/gridpoints/CAR/74,104
https://api.weather.gov/gridpoints/CAR/74,103
https://api.weather.gov/gridpoints/CAR/73,101
https://api.weather.gov/gridpoints/CAR/74,104
https://api.weather.gov/gridpoints/GYX/52,100
https://api.weather.gov/gridpoints/GYX/53,99
https://api.weather.gov/gridpoints/GYX/52,99
https://api.weather.gov/gridpoints/GYX/61,101
https://api.weather.gov/gridpoints/GYX/60,100
https://api.weather.gov/gridpoints/BOX/74,67
https://api.weather.gov/gridpoints/BOX/84,95
https://api.weather.gov/gridpoints/BTV/123,71
https://api.weather.gov/gridpoints/BTV/124,72
https://api.weather.gov/gridpoints/BTV/123,71
https://api.weather.gov/gridpoints/BTV/124,72
https://api.weather.gov/gridpoints/BTV/123,72
https://api.weather.gov/gridpoints/BTV/124,72
https://api.weather.gov/gridpoints/BTV/123,72
https://api.weather.gov/gridpoints/BTV/123,71
https://api.weather.gov/gridpoints/BTV/124,72
https://api.weather.gov/gridpoints/BTV/123,71
https://api.weather.gov/gridpoints/BTV/124,72
https://api.weather.gov/gridpoints/BTV/123,72
https://api.weather.gov/gridpoints/BTV/124,72
https://api.weather.gov/gridpoints/GYX/56,90
https://api.weather.gov/gridpoints/GYX/56,91
https://api.weather.gov/gridpoints/GYX/56,90
https://api.weather.gov/gridpoints/GYX/56,91
https://api.weather.gov/gridpoints/GYX/56,90
https://api.weather.gov/gridpoints/CAR/85,113
https://api.weather.gov/gridpoints/CAR/85,114
https://api.weather.gov/gridpoints/CAR/85,115
https://api.weather.gov/gridpoints/CAR/85,114
https://api.weather.gov/gridpoints/CAR/85,113
https://api.weather.gov/gridpoints/CAR/85,114
https://api.weather.gov/gridpoints/CAR/85,112
https://api.weather.gov/gridpoints/CAR/85,111
https://api.weather.gov/gridpoints/CAR/85,113
https://api.weather.gov/gridpoints/CAR/85,112
https://api.weather.gov/gridpoints/CAR/85,113
https://api.weather.gov/gridpoints/CAR/85,114
https://api.weather.gov/gridpoints/CAR/85,111
https://api.weather.gov/gridpoints/CAR/85,113
https://api.weather.gov/gridpoints/CAR/85,112
https://api.weather.gov/gridpoints/CAR/85,111
https://api.weather.gov/gridpoints/CAR/85,115
https://api.weather.gov/gridpoints/CAR/85,112
https://api.weather.gov/gridpoints/CAR/85,111
https://api.weather.gov/gridpoints/CAR/85,112
https://api.weather.gov/gridpoints/CAR/85,114
https://api.weather.gov/gridpoints/CAR/85,113
https://api.weather.gov/gridpoints/CAR/85,115
https://api.weather.gov/gridpoints/CAR/85,112
https://api.weather.gov/gridpoints/CAR/85,113
https://api.weather.gov/gridpoints/CAR/85,111
https://api.weather.gov/gridpoints/CAR/85,113
https://api.weather.gov/gridpoints/CAR/85,114
https://api.weather.gov/gridpoints/CAR/85,115
https://api.weather.gov/gridpoints/CAR/85,111
https://api.weather.gov/gridpoints/CAR/85,112
https://api.weather.gov/gridpoints/CAR/85,114
https://api.weather.gov/gridpoints/CAR/85,111
https://api.weather.gov/gridpoints/CAR/85,116
https://api.weather.gov/gridpoints/CAR/84,117
https://api.weather.gov/gridpoints/CAR/84,118
https://api.weather.gov/gridpoints/CAR/84,117
https://api.weather.gov/gridpoints/CAR/85,116
https://api.weather.gov/gridpoints/CAR/84,117
https://api.weather.gov/gridpoints/CAR/84,118
https://api.weather.gov/gridpoints/CAR/85,116
https://api.weather.gov/gridpoints/CAR/84,118
https://api.weather.gov/gridpoints/CAR/85,116
https://api.weather.gov/gridpoints/CAR/84,118
https://api.weather.gov/gridpoints/CAR/85,117
https://api.weather.gov/gridpoints/CAR/85,116
https://api.weather.gov/gridpoints/CAR/84,118
https://api.weather.gov/gridpoints/CAR/85,116
https://api.weather.gov/gridpoints/CAR/84,117
https://api.weather.gov/gridpoints/BOX/36,105
https://api.weather.gov/gridpoints/BOX/79,68
https://api.weather.gov/gridpoints/BOX/55,66
https://api.weather.gov/gridpoints/BOX/54,67
https://api.weather.gov/gridpoints/BOX/55,66
https://api.weather.gov/gridpoints/BOX/60,73
https://api.weather.gov/gridpoints/BOX/71,66
https://api.weather.gov/gridpoints/BOX/65,73
https://api.weather.gov/gridpoints/BOX/60,73
https://api.weather.gov/gridpoints/BOX/59,73
https://api.weather.gov/gridpoints/CAR/85,75
https://api.weather.gov/gridpoints/CAR/83,79
https://api.weather.gov/gridpoints/CAR/86,75
https://api.weather.gov/gridpoints/CAR/84,75
https://api.weather.gov/gridpoints/CAR/85,75
https://api.weather.gov/gridpoints/CAR/84,78
https://api.weather.gov/gridpoints/CAR/83,78
https://api.weather.gov/gridpoints/CAR/84,75
https://api.weather.gov/gridpoints/CAR/84,79
https://api.weather.gov/gridpoints/CAR/84,75
https://api.weather.gov/gridpoints/CAR/85,75
https://api.weather.gov/gridpoints/CAR/84,78
https://api.weather.gov/gridpoints/CAR/86,75
https://api.weather.gov/gridpoints/CAR/85,75
https://api.weather.gov/gridpoints/CAR/83,78
https://api.weather.gov/gridpoints/CAR/84,79
https://api.weather.gov/gridpoints/CAR/86,75
https://api.weather.gov/gridpoints/CAR/84,78
https://api.weather.gov/gridpoints/CAR/84,79
https://api.weather.gov/gridpoints/CAR/83,78
https://api.weather.gov/gridpoints/ALY/98,48
https://api.weather.gov/gridpoints/ALY/97,35
https://api.weather.gov/gridpoints/BOX/92,67
https://api.weather.gov/gridpoints/BTV/89,34
https://api.weather.gov/gridpoints/GYX/52,100
