https://api.weather.gov/gridpoints/BOX/94,66
https://api.weather.gov/gridpoints/BOX/94,66
https://api.weather.gov/gridpoints/BOX/93,66
https://api.weather.gov/gridpoints/BOX/94,66
https://api.weather.gov/gridpoints/BOX/93,61
https://api.weather.gov/gridpoints/GYX/22,20
https://api.weather.gov/gridpoints/GYX/22,21
https://api.weather.gov/gridpoints/GYX/22,20
https://api.weather.gov/gridpoints/GYX/22,19
https://api.weather.gov/gridpoints/GYX/22,20
https://api.weather.gov/gridpoints/GYX/22,20
https://api.weather.gov/gridpoints/GYX/22,20
https://api.weather.gov/gridpoints/GYX/22,20
https://api.weather.gov/gridpoints/GYX/22,19
https://api.weather.gov/gridpoints/BOX/83,105
https://api.weather.gov/gridpoints/BOX/102,63
https://api.weather.gov/gridpoints/BOX/102,63
https://api.weather.gov/gridpoints/BOX/9,91
https://api.weather.gov/gridpoints/ALY/89,62
https://api.weather.gov/gridpoints/ALY/75,57
https://api.weather.gov/gridpoints/ALY/88,63
https://api.weather.gov/gridpoints/ALY/89,63
https://api.weather.gov/gridpoints/ALY/89,62
https://api.weather.gov/gridpoints/ALY/88,63
https://api.weather.gov/gridpoints/ALY/88,63
https://api.weather.gov/gridpoints/ALY/89,62
https://api.weather.gov/gridpoints/ALY/88,63
https://api.weather.gov/gridpoints/ALY/88,63
https://api.weather.gov/gridpoints/ALY/88,63
https://api.weather.gov/gridpoints/ALY/75,58
https://api.weather.gov/gridpoints/CAR/40,73
https://api.weather.gov/gridpoints/GYX/79,125
https://api.weather.gov/gridpoints/CAR/41,73
https://api.weather.gov/gridpoints/CAR/40,73
https://api.weather.gov/gridpoints/GYX/81,128
https://api.weather.gov/gridpoints/GYX/81,127
https://api.weather.gov/gridpoints/GYX/81,129
https://api.weather.gov/gridpoints/GYX/80,126
https://api.weather.gov/gridpoints/GYX/79,125
https://api.weather.gov/gridpoints/GYX/81,127
https://api.weather.gov/gridpoints/CAR/41,74
https://api.weather.gov/gridpoints/GYX/81,129
https://api.weather.gov/gridpoints/GYX/81,129
https://api.weather.gov/gridpoints/CAR/40,74
https://api.weather.gov/gridpoints/GYX/80,126
https://api.weather.gov/gridpoints/CAR/40,73
https://api.weather.gov/gridpoints/CAR/41,74
https://api.weather.gov/gridpoints/CAR/41,74
https://api.weather.gov/gridpoints/GYX/79,124
https://api.weather.gov/gridpoints/CAR/41,74
https://api.weather.gov/gridpoints/GYX/79,125
https://api.weather.gov/gridpoints/GYX/79,125
https://api.weather.gov/gridpoints/GYX/81,130
https://api.weather.gov/gridpoints/GYX/81,128
https://api.weather.gov/gridpoints/GYX/80,127
https://api.weather.gov/gridpoints/GYX/80,126
https://api.weather.gov/gridpoints/GYX/81,127
https://api.weather.gov/gridpoints/CAR/40,74
https://api.weather.gov/gridpoints/GYX/80,127
https://api.weather.gov/gridpoints/CAR/41,74
https://api.weather.gov/gridpoints/GYX/80,126
https://api.weather.gov/gridpoints/GYX/81,130
https://api.weather.gov/gridpoints/CAR/40,74
https://api.weather.gov/gridpoints/GYX/79,125
https://api.weather.gov/gridpoints/GYX/79,126
https://api.weather.gov/gridpoints/GYX/81,128
https://api.weather.gov/gridpoints/GYX/81,128
https://api.weather.gov/gridpoints/GYX/82,130
https://api.weather.gov/gridpoints/GYX/82,130
https://api.weather.gov/gridpoints/CAR/40,74
https://api.weather.gov/gridpoints/GYX/79,126
https://api.weather.gov/gridpoints/CAR/40,74
https://api.weather.gov/gridpoints/GYX/82,130
https://api.weather.gov/gridpoints/GYX/81,129
https://api.weather.gov/gridpoints/GYX/81,129
https://api.weather.gov/gridpoints/CAR/41,73
https://api.weather.gov/gridpoints/GYX/81,129
https://api.weather.gov/gridpoints/CAR/40,74
https://api.weather.gov/gridpoints/CAR/40,73
https://api.weather.gov/gridpoints/GYX/81,129
https://api.weather.gov/gridpoints/CAR/40,74
https://api.weather.gov/gridpoints/GYX/79,126
https://api.weather.gov/gridpoints/GYX/79,125
https://api.weather.gov/gridpoints/GYX/82,130
https://api.weather.gov/gridpoints/GYX/79,125
https://api.weather.gov/gridpoints/CAR/40,74
https://api.weather.gov/gridpoints/BOX/65,31
https://api.weather.gov/gridpoints/BOX/66,31
https://api.weather.gov/gridpoints/BOX/66,31
https://api.weather.gov/gridpoints/BOX/66,32
https://api.weather.gov/gridpoints/BOX/66,31
https://api.weather.gov/gridpoints/BTV/100,55
https://api.weather.gov/gridpoints/CAR/93,61
https://api.weather.gov/gridpoints/CAR/93,63
https://api.weather.gov/gridpoints/CAR/93,63
https://api.weather.gov/gridpoints/CAR/93,62
https://api.weather.gov/gridpoints/CAR/93,63
https://api.weather.gov/gridpoints/CAR/92,63
https://api.weather.gov/gridpoints/CAR/92,63
https://api.weather.gov/gridpoints/CAR/93,63
https://api.weather.gov/gridpoints/CAR/93,61
https://api.weather.gov/gridpoints/CAR/93,62
https://api.weather.gov/gridpoints/CAR/93,63
https://api.weather.gov/gridpoints/CAR/93,62
https://api.weather.gov/gridpoints/CAR/93,61
https://api.weather.gov/gridpoints/CAR/93,62
https://api.weather.gov/gridpoints/CAR/93,63
https://api.weather.gov/gridpoints/CAR/93,62
https://api.weather.gov/gridpoints/CAR/92,63
https://api.weather.gov/gridpoints/CAR/93,61
https://api.weather.gov/gridpoints/CAR/92,63
https://api.weather.gov/gridpoints/BOX/89,73
https://api.weather.gov/gridpoints/GYX/67,97
https://api.weather.gov/gridpoints/GYX/67,96
https://api.weather.gov/gridpoints/GYX/67,97
https://api.weather.gov/gridpoints/GYX/67,97
https://api.weather.gov/gridpoints/GYX/66,96
https://api.weather.gov/gridpoints/GYX/67,96
https://api.weather.gov/gridpoints/GYX/67,97
https://api.weather.gov/gridpoints/GYX/67,97
https://api.weather.gov/gridpoints/BOX/108,65
https://api.weather.gov/gridpoints/BOX/71,91
https://api.weather.gov/gridpoints/BOX/70,92
https://api.weather.gov/gridpoints/ALY/96,77
https://api.weather.gov/gridpoints/ALY/97,76
https://api.weather.gov/gridpoints/ALY/96,77
https://api.weather.gov/gridpoints/ALY/97,77
https://api.weather.gov/gridpoints/ALY/97,76
https://api.weather.gov/gridpoints/ALY/96,78
https://api.weather.gov/gridpoints/ALY/96,78
https://api.weather.gov/gridpoints/ALY/96,77
https://api.weather.gov/gridpoints/ALY/97,76
https://api.weather.gov/gridpoints/ALY/97,77
https://api.weather.gov/gridpoints/ALY/96,78
https://api.weather.gov/gridpoints/ALY/96,77
https://api.weather.gov/gridpoints/ALY/83,71
https://api.weather.gov/gridpoints/ALY/82,72
https://api.weather.gov/gridpoints/ALY/97,76
https://api.weather.gov/gridpoints/BOX/40,95
https://api.weather.gov/gridpoints/BOX/40,95
https://api.weather.gov/gridpoints/BTV/90,54
https://api.weather.gov/gridpoints/BTV/90,54
https://api.weather.gov/gridpoints/BOX/83,104
https://api.weather.gov/gridpoints/BOX/83,104
https://api.weather.gov/gridpoints/BOX/84,58
https://api.weather.gov/gridpoints/BOX/83,59
https://api.weather.gov/gridpoints/BOX/92,59
https://api.weather.gov/gridpoints/BOX/93,59
https://api.weather.gov/gridpoints/BOX/92,59
https://api.weather.gov/gridpoints/BOX/65,62
https://api.weather.gov/gridpoints/BOX/65,62
https://api.weather.gov/gridpoints/BOX/65,62
https://api.weather.gov/gridpoints/BOX/73,92
https://api.weather.gov/gridpoints/GYX/117,86
https://api.weather.gov/gridpoints/GYX/117,86
https://api.weather.gov/gridpoints/GYX/117,86
https://api.weather.gov/gridpoints/BOX/91,66
https://api.weather.gov/gridpoints/BOX/91,66
https://api.weather.gov/gridpoints/BOX/91,66
https://api.weather.gov/gridpoints/BOX/91,66
https://api.weather.gov/gridpoints/GYX/53,155
https://api.weather.gov/gridpoints/GYX/53,155
https://api.weather.gov/gridpoints/BTV/91,65
https://api.weather.gov/gridpoints/BTV/91,65
https://api.weather.gov/gridpoints/BTV/91,65
https://api.weather.gov/gridpoints/BTV/91,65
https://api.weather.gov/gridpoints/GYX/33,101
https://api.weather.gov/gridpoints/GYX/32,102
https://api.weather.gov/gridpoints/GYX/33,101
https://api.weather.gov/gridpoints/GYX/31,104
https://api.weather.gov/gridpoints/GYX/31,104
https://api.weather.gov/gridpoints/GYX/31,106
https://api.weather.gov/gridpoints/GYX/32,103
https://api.weather.gov/gridpoints/GYX/31,103
https://api.weather.gov/gridpoints/GYX/33,100
https://api.weather.gov/gridpoints/GYX/33,101
https://api.weather.gov/gridpoints/GYX/31,102
https://api.weather.gov/gridpoints/GYX/33,101
https://api.weather.gov/gridpoints/GYX/32,102
https://api.weather.gov/gridpoints/GYX/33,101
https://api.weather.gov/gridpoints/GYX/31,102
https://api.weather.gov/gridpoints/GYX/31,106
https://api.weather.gov/gridpoints/GYX/31,105
https://api.weather.gov/gridpoints/GYX/33,101
https://api.weather.gov/gridpoints/GYX/31,104
https://api.weather.gov/gridpoints/GYX/31,106
https://api.weather.gov/gridpoints/GYX/31,103
https://api.weather.gov/gridpoints/GYX/31,103
https://api.weather.gov/gridpoints/GYX/31,103
https://api.weather.gov/gridpoints/GYX/33,101
https://api.weather.gov/gridpoints/GYX/31,103
https://api.weather.gov/gridpoints/GYX/32,102
https://api.weather.gov/gridpoints/GYX/32,102
https://api.weather.gov/gridpoints/GYX/31,103
https://api.weather.gov/gridpoints/GYX/31,103
https://api.weather.gov/gridpoints/GYX/31,106
https://api.weather.gov/gridpoints/GYX/31,104
https://api.weather.gov/gridpoints/GYX/31,106
https://api.weather.gov/gridpoints/GYX/31,105
https://api.weather.gov/gridpoints/ALY/97,77
https://api.weather.gov/gridpoints/ALY/83,72
https://api.weather.gov/gridpoints/ALY/83,72
https://api.weather.gov/gridpoints/ALY/83,72
https://api.weather.gov/gridpoints/ALY/97,77
https://api.weather.gov/gridpoints/ALY/97,77
https://api.weather.gov/gridpoints/ALY/97,77
https://api.weather.gov/gridpoints/ALY/97,77
https://api.weather.gov/gridpoints/ALY/83,72
https://api.weather.gov/gridpoints/ALY/97,77
https://api.weather.gov/gridpoints/ALY/97,77
https://api.weather.gov/gridpoints/GYX/24,53
https://api.weather.gov/gridpoints/GYX/24,53
https://api.weather.gov/gridpoints/GYX/23,54
https://api.weather.gov/gridpoints/GYX/24,54
https://api.weather.gov/gridpoints/GYX/22,54
https://api.weather.gov/gridpoints/GYX/24,53
https://api.weather.gov/gridpoints/GYX/24,53
https://api.weather.gov/gridpoints/GYX/24,53
https://api.weather.gov/gridpoints/GYX/22,54
https://api.weather.gov/gridpoints/GYX/23,54
https://api.weather.gov/gridpoints/GYX/24,52
https://api.weather.gov/gridpoints/GYX/23,53
https://api.weather.gov/gridpoints/GYX/23,54
https://api.weather.gov/gridpoints/GYX/24,53
https://api.weather.gov/gridpoints/GYX/24,52
https://api.weather.gov/gridpoints/GYX/23,53
https://api.weather.gov/gridpoints/GYX/23,54
https://api.weather.gov/gridpoints/GYX/23,54
https://api.weather.gov/gridpoints/GYX/23,54
https://api.weather.gov/gridpoints/GYX/23,54
https://api.weather.gov/gridpoints/GYX/24,53
https://api.weather.gov/gridpoints/GYX/24,53
https://api.weather.gov/gridpoints/GYX/23,54
https://api.weather.gov/gridpoints/GYX/24,53
https://api.weather.gov/gridpoints/CAR/92,65
https://api.weather.gov/gridpoints/CAR/93,65
https://api.weather.gov/gridpoints/CAR/93,65
https://api.weather.gov/gridpoints/CAR/92,65
https://api.weather.gov/gridpoints/CAR/94,65
https://api.weather.gov/gridpoints/CAR/94,64
https://api.weather.gov/gridpoints/CAR/92,65
https://api.weather.gov/gridpoints/CAR/93,63
https://api.weather.gov/gridpoints/CAR/92,64
https://api.weather.gov/gridpoints/CAR/92,64
https://api.weather.gov/gridpoints/CAR/93,65
https://api.weather.gov/gridpoints/CAR/94,65
https://api.weather.gov/gridpoints/CAR/92,65
https://api.weather.gov/gridpoints/CAR/94,64
https://api.weather.gov/gridpoints/CAR/93,65
https://api.weather.gov/gridpoints/CAR/93,65
https://api.weather.gov/gridpoints/CAR/94,64
https://api.weather.gov/gridpoints/BTV/90,55
https://api.weather.gov/gridpoints/BOX/71,53
https://api.weather.gov/gridpoints/BOX/12,73
https://api.weather.gov/gridpoints/BOX/12,73
https://api.weather.gov/gridpoints/BOX/48,80
https://api.weather.gov/gridpoints/BOX/3,94
https://api.weather.gov/gridpoints/ALY/81,66
https://api.weather.gov/gridpoints/ALY/95,70
https://api.weather.gov/gridpoints/BOX/3,95
https://api.weather.gov/gridpoints/ALY/95,71
https://api.weather.gov/gridpoints/ALY/95,71
https://api.weather.gov/gridpoints/ALY/95,71
https://api.weather.gov/gridpoints/ALY/95,71
https://api.weather.gov/gridpoints/BOX/3,94
https://api.weather.gov/gridpoints/ALY/95,71
https://api.weather.gov/gridpoints/BOX/3,95
https://api.weather.gov/gridpoints/BOX/3,95
https://api.weather.gov/gridpoints/BOX/3,95
https://api.weather.gov/gridpoints/BOX/3,94
https://api.weather.gov/gridpoints/ALY/82,65
https://api.weather.gov/gridpoints/ALY/95,70
https://api.weather.gov/gridpoints/ALY/95,71
https://api.weather.gov/gridpoints/ALY/95,70
https://api.weather.gov/gridpoints/BOX/3,95
https://api.weather.gov/gridpoints/BOX/76,88
https://api.weather.gov/gridpoints/BOX/79,87
https://api.weather.gov/gridpoints/BOX/102,63
https://api.weather.gov/gridpoints/BOX/72,88
https://api.weather.gov/gridpoints/BOX/76,107
https://api.weather.gov/gridpoints/BOX/76,107
https://api.weather.gov/gridpoints/GYX/37,89
https://api.weather.gov/gridpoints/GYX/37,89
https://api.weather.gov/gridpoints/GYX/37,89
https://api.weather.gov/gridpoints/GYX/37,89
https://api.weather.gov/gridpoints/GYX/37,89
https://api.weather.gov/gridpoints/ALY/74,56
https://api.weather.gov/gridpoints/GYX/51,133
https://api.weather.gov/gridpoints/GYX/51,132
https://api.weather.gov/gridpoints/GYX/51,132
https://api.weather.gov/gridpoints/GYX/52,133
https://api.weather.gov/gridpoints/GYX/51,133
https://api.weather.gov/gridpoints/GYX/52,133
https://api.weather.gov/gridpoints/GYX/50,132
https://api.weather.gov/gridpoints/GYX/51,134
https://api.weather.gov/gridpoints/GYX/52,133
https://api.weather.gov/gridpoints/GYX/52,133
https://api.weather.gov/gridpoints/GYX/51,134
https://api.weather.gov/gridpoints/GYX/51,133
https://api.weather.gov/gridpoints/GYX/50,132
https://api.weather.gov/gridpoints/GYX/52,133
https://api.weather.gov/gridpoints/GYX/51,132
https://api.weather.gov/gridpoints/GYX/51,133
https://api.weather.gov/gridpoints/GYX/52,133
https://api.weather.gov/gridpoints/GYX/51,133
https://api.weather.gov/gridpoints/GYX/51,134
https://api.weather.gov/gridpoints/GYX/52,133
https://api.weather.gov/gridpoints/GYX/52,133
https://api.weather.gov/gridpoints/GYX/51,133
https://api.weather.gov/gridpoints/GYX/52,136
https://api.weather.gov/gridpoints/GYX/51,136
https://api.weather.gov/gridpoints/GYX/52,136
https://api.weather.gov/gridpoints/GYX/51,136
https://api.weather.gov/gridpoints/GYX/52,136
https://api.weather.gov/gridpoints/GYX/52,136
https://api.weather.gov/gridpoints/GYX/51,136
https://api.weather.gov/gridpoints/GYX/52,135
https://api.weather.gov/gridpoints/GYX/52,136
https://api.weather.gov/gridpoints/GYX/52,135
https://api.weather.gov/gridpoints/GYX/51,136
https://api.weather.gov/gridpoints/GYX/52,135
https://api.weather.gov/gridpoints/GYX/52,136
https://api.weather.gov/gridpoints/GYX/52,135
https://api.weather.gov/gridpoints/GYX/52,136
https://api.weather.gov/gridpoints/GYX/52,136
https://api.weather.gov/gridpoints/GYX/52,135
https://api.weather.gov/gridpoints/GYX/51,136
https://api.weather.gov/gridpoints/GYX/51,136
https://api.weather.gov/gridpoints/GYX/52,135
https://api.weather.gov/gridpoints/GYX/52,136
https://api.weather.gov/gridpoints/GYX/52,135
https://api.weather.gov/gridpoints/BTV/111,72
https://api.weather.gov/gridpoints/BTV/112,73
https://api.weather.gov/gridpoints/BTV/111,73
https://api.weather.gov/gridpoints/BTV/112,73
https://api.weather.gov/gridpoints/BTV/112,73
https://api.weather.gov/gridpoints/BTV/111,72
https://api.weather.gov/gridpoints/BTV/111,73
https://api.weather.gov/gridpoints/BTV/112,73
https://api.weather.gov/gridpoints/BTV/111,72
https://api.weather.gov/gridpoints/BTV/111,72
https://api.weather.gov/gridpoints/BTV/111,73
https://api.weather.gov/gridpoints/BTV/111,73
https://api.weather.gov/gridpoints/BTV/111,72
https://api.weather.gov/gridpoints/BTV/111,72
https://api.weather.gov/gridpoints/BTV/112,73
https://api.weather.gov/gridpoints/BTV/112,73
https://api.weather.gov/gridpoints/BTV/112,73
https://api.weather.gov/gridpoints/BTV/111,72
https://api.weather.gov/gridpoints/BTV/111,72
https://api.weather.gov/gridpoints/BTV/111,72
https://api.weather.gov/gridpoints/BTV/111,72
https://api.weather.gov/gridpoints/BOX/86,75
https://api.weather.gov/gridpoints/BOX/74,95
https://api.weather.gov/gridpoints/GYX/16,27
https://api.weather.gov/gridpoints/GYX/16,27
https://api.weather.gov/gridpoints/GYX/16,28
https://api.weather.gov/gridpoints/GYX/17,27
https://api.weather.gov/gridpoints/GYX/16,27
https://api.weather.gov/gridpoints/GYX/16,28
https://api.weather.gov/gridpoints/GYX/17,27
https://api.weather.gov/gridpoints/GYX/16,28
https://api.weather.gov/gridpoints/GYX/16,27
https://api.weather.gov/gridpoints/GYX/16,28
https://api.weather.gov/gridpoints/GYX/16,27
https://api.weather.gov/gridpoints/GYX/16,27
https://api.weather.gov/gridpoints/BOX/75,90
https://api.weather.gov/gridpoints/BOX/75,90
https://api.weather.gov/gridpoints/BOX/74,111
https://api.weather.gov/gridpoints/CAR/87,149
https://api.weather.gov/gridpoints/CAR/87,148
https://api.weather.gov/gridpoints/CAR/87,149
https://api.weather.gov/gridpoints/CAR/87,150
https://api.weather.gov/gridpoints/CAR/87,149
https://api.weather.gov/gridpoints/CAR/87,148
https://api.weather.gov/gridpoints/CAR/87,148
https://api.weather.gov/gridpoints/CAR/87,150
https://api.weather.gov/gridpoints/CAR/87,149
https://api.weather.gov/gridpoints/CAR/87,149
https://api.weather.gov/gridpoints/CAR/87,148
https://api.weather.gov/gridpoints/CAR/87,149
https://api.weather.gov/gridpoints/CAR/87,149
https://api.weather.gov/gridpoints/CAR/87,150
https://api.weather.gov/gridpoints/CAR/87,148
https://api.weather.gov/gridpoints/CAR/87,148
https://api.weather.gov/gridpoints/CAR/87,148
https://api.weather.gov/gridpoints/CAR/87,148
https://api.weather.gov/gridpoints/CAR/87,148
https://api.weather.gov/gridpoints/CAR/87,150
https://api.weather.gov/gridpoints/CAR/87,149
https://api.weather.gov/gridpoints/CAR/87,149
https://api.weather.gov/gridpoints/CAR/87,149
https://api.weather.gov/gridpoints/CAR/87,150
https://api.weather.gov/gridpoints/CAR/87,148
https://api.weather.gov/gridpoints/CAR/87,149
https://api.weather.gov/gridpoints/CAR/87,150
https://api.weather.gov/gridpoints/CAR/87,149
https://api.weather.gov/gridpoints/BOX/91,65
https://api.weather.gov/gridpoints/BOX/93,62
https://api.weather.gov/gridpoints/BOX/63,74
https://api.weather.gov/gridpoints/BOX/39,95
https://api.weather.gov/gridpoints/BOX/39,95
https://api.weather.gov/gridpoints/GYX/25,84
https://api.weather.gov/gridpoints/BOX/113,47
https://api.weather.gov/gridpoints/BOX/42,73
https://api.weather.gov/gridpoints/BOX/63,59
https://api.weather.gov/gridpoints/BOX/63,59
https://api.weather.gov/gridpoints/BOX/86,75
https://api.weather.gov/gridpoints/BOX/86,74
https://api.weather.gov/gridpoints/BOX/86,74
https://api.weather.gov/gridpoints/BOX/63,52
https://api.weather.gov/gridpoints/CAR/81,126
https://api.weather.gov/gridpoints/CAR/83,125
https://api.weather.gov/gridpoints/CAR/81,124
https://api.weather.gov/gridpoints/CAR/83,123
https://api.weather.gov/gridpoints/CAR/83,125
https://api.weather.gov/gridpoints/CAR/83,125
https://api.weather.gov/gridpoints/CAR/82,124
https://api.weather.gov/gridpoints/CAR/82,126
https://api.weather.gov/gridpoints/CAR/81,124
https://api.weather.gov/gridpoints/CAR/83,126
https://api.weather.gov/gridpoints/CAR/82,125
https://api.weather.gov/gridpoints/CAR/83,124
https://api.weather.gov/gridpoints/CAR/83,123
https://api.weather.gov/gridpoints/CAR/81,125
https://api.weather.gov/gridpoints/CAR/82,124
https://api.weather.gov/gridpoints/CAR/83,123
https://api.weather.gov/gridpoints/CAR/82,126
https://api.weather.gov/gridpoints/CAR/83,123
https://api.weather.gov/gridpoints/CAR/83,123
https://api.weather.gov/gridpoints/CAR/81,125
https://api.weather.gov/gridpoints/CAR/82,126
https://api.weather.gov/gridpoints/CAR/81,124
https://api.weather.gov/gridpoints/CAR/83,125
https://api.weather.gov/gridpoints/CAR/81,125
https://api.weather.gov/gridpoints/CAR/81,125
https://api.weather.gov/gridpoints/CAR/82,125
https://api.weather.gov/gridpoints/CAR/82,126
https://api.weather.gov/gridpoints/CAR/81,124
https://api.weather.gov/gridpoints/CAR/83,123
https://api.weather.gov/gridpoints/CAR/81,124
https://api.weather.gov/gridpoints/CAR/81,124
https://api.weather.gov/gridpoints/CAR/82,126
https://api.weather.gov/gridpoints/CAR/84,125
https://api.weather.gov/gridpoints/CAR/84,125
https://api.weather.gov/gridpoints/CAR/84,125
https://api.weather.gov/gridpoints/CAR/82,123
https://api.weather.gov/gridpoints/CAR/81,125
https://api.weather.gov/gridpoints/CAR/83,124
https://api.weather.gov/gridpoints/CAR/82,126
https://api.weather.gov/gridpoints/CAR/84,125
https://api.weather.gov/gridpoints/CAR/82,126
https://api.weather.gov/gridpoints/CAR/83,123
https://api.weather.gov/gridpoints/CAR/83,125
https://api.weather.gov/gridpoints/CAR/84,125
https://api.weather.gov/gridpoints/CAR/81,124
https://api.weather.gov/gridpoints/CAR/82,126
https://api.weather.gov/gridpoints/CAR/81,125
https://api.weather.gov/gridpoints/CAR/83,125
https://api.weather.gov/gridpoints/ALY/100,48
https://api.weather.gov/gridpoints/CAR/83,80
https://api.weather.gov/gridpoints/CAR/83,80
https://api.weather.gov/gridpoints/CAR/84,81
https://api.weather.gov/gridpoints/CAR/82,80
https://api.weather.gov/gridpoints/CAR/84,81
https://api.weather.gov/gridpoints/CAR/82,80
https://api.weather.gov/gridpoints/CAR/82,80
https://api.weather.gov/gridpoints/CAR/83,80
https://api.weather.gov/gridpoints/CAR/84,81
https://api.weather.gov/gridpoints/CAR/83,80
https://api.weather.gov/gridpoints/CAR/82,80
https://api.weather.gov/gridpoints/CAR/82,80
https://api.weather.gov/gridpoints/CAR/82,80
https://api.weather.gov/gridpoints/GYX/98,102
https://api.weather.gov/gridpoints/GYX/98,102
https://api.weather.gov/gridpoints/GYX/98,102
https://api.weather.gov/gridpoints/BOX/74,62
https://api.weather.gov/gridpoints/OKX/66,66
https://api.weather.gov/gridpoints/CAR/80,63
https://api.weather.gov/gridpoints/CAR/80,63
https://api.weather.gov/gridpoints/CAR/80,63
https://api.weather.gov/gridpoints/CAR/81,63
https://api.weather.gov/gridpoints/CAR/80,63
https://api.weather.gov/gridpoints/BOX/70,54
https://api.weather.gov/gridpoints/CAR/79,153
https://api.weather.gov/gridpoints/BOX/42,90
https://api.weather.gov/gridpoints/BOX/42,90
https://api.weather.gov/gridpoints/GYX/55,100
https://api.weather.gov/gridpoints/GYX/55,102
https://api.weather.gov/gridpoints/GYX/55,101
https://api.weather.gov/gridpoints/GYX/55,101
https://api.weather.gov/gridpoints/GYX/55,100
https://api.weather.gov/gridpoints/GYX/54,102
https://api.weather.gov/gridpoints/GYX/55,102
https://api.weather.gov/gridpoints/GYX/55,102
https://api.weather.gov/gridpoints/GYX/55,101
https://api.weather.gov/gridpoints/GYX/55,101
https://api.weather.gov/gridpoints/GYX/55,101
https://api.weather.gov/gridpoints/GYX/55,100
https://api.weather.gov/gridpoints/GYX/54,102
https://api.weather.gov/gridpoints/GYX/55,102
https://api.weather.gov/gridpoints/GYX/55,101
https://api.weather.gov/gridpoints/GYX/54,102
https://api.weather.gov/gridpoints/GYX/55,102
https://api.weather.gov/gridpoints/GYX/55,101
https://api.weather.gov/gridpoints/GYX/54,102
https://api.weather.gov/gridpoints/GYX/55,102
https://api.weather.gov/gridpoints/GYX/54,102
https://api.weather.gov/gridpoints/GYX/55,100
https://api.weather.gov/gridpoints/BTV/114,45
https://api.weather.gov/gridpoints/CAR/80,92
https://api.weather.gov/gridpoints/CAR/80,89
https://api.weather.gov/gridpoints/CAR/80,88
https://api.weather.gov/gridpoints/CAR/79,89
https://api.weather.gov/gridpoints/CAR/80,88
https://api.weather.gov/gridpoints/CAR/80,88
https://api.weather.gov/gridpoints/CAR/80,87
https://api.weather.gov/gridpoints/CAR/80,93
https://api.weather.gov/gridpoints/CAR/80,92
https://api.weather.gov/gridpoints/CAR/80,87
https://api.weather.gov/gridpoints/CAR/80,88
https://api.weather.gov/gridpoints/CAR/80,89
https://api.weather.gov/gridpoints/CAR/80,87
https://api.weather.gov/gridpoints/CAR/80,93
https://api.weather.gov/gridpoints/CAR/80,87
https://api.weather.gov/gridpoints/CAR/80,92
https://api.weather.gov/gridpoints/CAR/80,92
https://api.weather.gov/gridpoints/CAR/80,87
https://api.weather.gov/gridpoints/CAR/80,89
https://api.weather.gov/gridpoints/CAR/80,87
https://api.weather.gov/gridpoints/CAR/80,92
https://api.weather.gov/gridpoints/CAR/80,88
https://api.weather.gov/gridpoints/CAR/80,92
https://api.weather.gov/gridpoints/CAR/80,89
https://api.weather.gov/gridpoints/CAR/80,92
https://api.weather.gov/gridpoints/CAR/80,87
https://api.weather.gov/gridpoints/CAR/79,93
https://api.weather.gov/gridpoints/CAR/80,88
https://api.weather.gov/gridpoints/CAR/80,91
https://api.weather.gov/gridpoints/CAR/79,89
https://api.weather.gov/gridpoints/CAR/80,91
https://api.weather.gov/gridpoints/CAR/79,93
https://api.weather.gov/gridpoints/CAR/80,89
https://api.weather.gov/gridpoints/CAR/80,89
https://api.weather.gov/gridpoints/CAR/79,93
https://api.weather.gov/gridpoints/CAR/80,92
https://api.weather.gov/gridpoints/CAR/80,91
https://api.weather.gov/gridpoints/CAR/80,91
https://api.weather.gov/gridpoints/CAR/79,89
https://api.weather.gov/gridpoints/CAR/80,92
https://api.weather.gov/gridpoints/GYX/55,100
https://api.weather.gov/gridpoints/GYX/56,99
https://api.weather.gov/gridpoints/GYX/55,99
https://api.weather.gov/gridpoints/GYX/64,101
https://api.weather.gov/gridpoints/GYX/64,101
https://api.weather.gov/gridpoints/GYX/64,101
https://api.weather.gov/gridpoints/GYX/64,101
https://api.weather.gov/gridpoints/GYX/64,101
https://api.weather.gov/gridpoints/GYX/64,101
https://api.weather.gov/gridpoints/GYX/64,101
https://api.weather.gov/gridpoints/GYX/64,101
https://api.weather.gov/gridpoints/GYX/63,100
https://api.weather.gov/gridpoints/GYX/63,100
https://api.weather.gov/gridpoints/GYX/63,100
https://api.weather.gov/gridpoints/GYX/63,100
https://api.weather.gov/gridpoints/BOX/74,56
https://api.weather.gov/gridpoints/BOX/84,84
https://api.weather.gov/gridpoints/BTV/122,71
https://api.weather.gov/gridpoints/BTV/123,71
https://api.weather.gov/gridpoints/BTV/122,71
https://api.weather.gov/gridpoints/BTV/123,71
https://api.weather.gov/gridpoints/BTV/122,71
https://api.weather.gov/gridpoints/BTV/123,71
https://api.weather.gov/gridpoints/BTV/122,71
https://api.weather.gov/gridpoints/BTV/122,71
https://api.weather.gov/gridpoints/BTV/122,71
https://api.weather.gov/gridpoints/BTV/123,71
https://api.weather.gov/gridpoints/BTV/123,71
https://api.weather.gov/gridpoints/BTV/123,71
https://api.weather.gov/gridpoints/BTV/122,70
https://api.weather.gov/gridpoints/BTV/123,71
https://api.weather.gov/gridpoints/BTV/122,71
https://api.weather.gov/gridpoints/BTV/123,71
https://api.weather.gov/gridpoints/GYX/59,90
https://api.weather.gov/gridpoints/GYX/59,91
https://api.weather.gov/gridpoints/GYX/59,90
https://api.weather.gov/gridpoints/GYX/59,91
https://api.weather.gov/gridpoints/GYX/59,91
https://api.weather.gov/gridpoints/GYX/59,91
https://api.weather.gov/gridpoints/GYX/59,91
https://api.weather.gov/gridpoints/GYX/59,91
https://api.weather.gov/gridpoints/GYX/59,90
https://api.weather.gov/gridpoints/GYX/59,90
https://api.weather.gov/gridpoints/CAR/91,101
https://api.weather.gov/gridpoints/CAR/91,102
https://api.weather.gov/gridpoints/CAR/91,103
https://api.weather.gov/gridpoints/CAR/91,102
https://api.weather.gov/gridpoints/CAR/91,101
https://api.weather.gov/gridpoints/CAR/91,102
https://api.weather.gov/gridpoints/CAR/91,100
https://api.weather.gov/gridpoints/CAR/91,99
https://api.weather.gov/gridpoints/CAR/91,101
https://api.weather.gov/gridpoints/CAR/91,100
https://api.weather.gov/gridpoints/CAR/91,101
https://api.weather.gov/gridpoints/CAR/91,102
https://api.weather.gov/gridpoints/CAR/91,99
https://api.weather.gov/gridpoints/CAR/91,101
https://api.weather.gov/gridpoints/CAR/91,101
https://api.weather.gov/gridpoints/CAR/91,101
https://api.weather.gov/gridpoints/CAR/91,100
https://api.weather.gov/gridpoints/CAR/91,100
https://api.weather.gov/gridpoints/CAR/91,99
https://api.weather.gov/gridpoints/CAR/91,103
https://api.weather.gov/gridpoints/CAR/91,100
https://api.weather.gov/gridpoints/CAR/91,100
https://api.weather.gov/gridpoints/CAR/91,99
https://api.weather.gov/gridpoints/CAR/91,99
https://api.weather.gov/gridpoints/CAR/91,100
https://api.weather.gov/gridpoints/CAR/91,102
https://api.weather.gov/gridpoints/CAR/91,101
https://api.weather.gov/gridpoints/CAR/91,103
https://api.weather.gov/gridpoints/CAR/91,100
https://api.weather.gov/gridpoints/CAR/91,101
https://api.weather.gov/gridpoints/CAR/91,99
https://api.weather.gov/gridpoints/CAR/91,101
https://api.weather.gov/gridpoints/CAR/91,102
https://api.weather.gov/gridpoints/CAR/91,103
https://api.weather.gov/gridpoints/CAR/91,99
https://api.weather.gov/gridpoints/CAR/91,100
https://api.weather.gov/gridpoints/CAR/91,102
https://api.weather.gov/gridpoints/CAR/91,99
https://api.weather.gov/gridpoints/CAR/91,104
https://api.weather.gov/gridpoints/CAR/90,105
https://api.weather.gov/gridpoints/CAR/90,106
https://api.weather.gov/gridpoints/CAR/90,105
https://api.weather.gov/gridpoints/CAR/90,105
https://api.weather.gov/gridpoints/CAR/91,104
https://api.weather.gov/gridpoints/CAR/90,105
https://api.weather.gov/gridpoints/CAR/90,106
https://api.weather.gov/gridpoints/CAR/91,104
https://api.weather.gov/gridpoints/CAR/90,106
https://api.weather.gov/gridpoints/CAR/91,104
https://api.weather.gov/gridpoints/CAR/90,106
https://api.weather.gov/gridpoints/CAR/91,105
https://api.weather.gov/gridpoints/CAR/91,104
https://api.weather.gov/gridpoints/CAR/90,106
https://api.weather.gov/gridpoints/CAR/91,104
https://api.weather.gov/gridpoints/CAR/90,105
https://api.weather.gov/gridpoints/BOX/36,94
https://api.weather.gov/gridpoints/BOX/79,57
https://api.weather.gov/gridpoints/BOX/55,55
https://api.weather.gov/gridpoints/BOX/55,55
https://api.weather.gov/gridpoints/BOX/55,55
https://api.weather.gov/gridpoints/BOX/55,55
https://api.weather.gov/gridpoints/BOX/54,56
https://api.weather.gov/gridpoints/BOX/54,56
https://api.weather.gov/gridpoints/BOX/55,55
https://api.weather.gov/gridpoints/BOX/55,55
https://api.weather.gov/gridpoints/BOX/55,55
https://api.weather.gov/gridpoints/BOX/55,55
https://api.weather.gov/gridpoints/BOX/60,62
https://api.weather.gov/gridpoints/BOX/60,62
https://api.weather.gov/gridpoints/BOX/60,62
https://api.weather.gov/gridpoints/BOX/60,62
https://api.weather.gov/gridpoints/BOX/71,55
https://api.weather.gov/gridpoints/BOX/65,62
https://api.weather.gov/gridpoints/BOX/65,62
https://api.weather.gov/gridpoints/BOX/65,62
https://api.weather.gov/gridpoints/BOX/60,62
https://api.weather.gov/gridpoints/BOX/60,62
https://api.weather.gov/gridpoints/BOX/59,62
https://api.weather.gov/gridpoints/CAR/91,63
https://api.weather.gov/gridpoints/CAR/91,63
https://api.weather.gov/gridpoints/CAR/89,67
https://api.weather.gov/gridpoints/CAR/92,63
https://api.weather.gov/gridpoints/CAR/90,63
https://api.weather.gov/gridpoints/CAR/91,63
https://api.weather.gov/gridpoints/CAR/90,66
https://api.weather.gov/gridpoints/CAR/89,66
https://api.weather.gov/gridpoints/CAR/90,63
https://api.weather.gov/gridpoints/CAR/90,67
https://api.weather.gov/gridpoints/CAR/90,67
https://api.weather.gov/gridpoints/CAR/90,63
https://api.weather.gov/gridpoints/CAR/91,63
https://api.weather.gov/gridpoints/CAR/90,66
https://api.weather.gov/gridpoints/CAR/92,63
https://api.weather.gov/gridpoints/CAR/91,63
https://api.weather.gov/gridpoints/CAR/89,66
https://api.weather.gov/gridpoints/CAR/90,67
https://api.weather.gov/gridpoints/CAR/92,63
https://api.weather.gov/gridpoints/CAR/90,66
https://api.weather.gov/gridpoints/CAR/90,67
https://api.weather.gov/gridpoints/CAR/89,66
https://api.weather.gov/gridpoints/ALY/98,48
https://api.weather.gov/gridpoints/ALY/97,35
https://api.weather.gov/gridpoints/ALY/97,35
https://api.weather.gov/gridpoints/BOX/92,56
https://api.weather.gov/gridpoints/BTV/88,33
https://api.weather.gov/gridpoints/GYX/55,100
