https://api.weather.gov/gridpoints/BOX/94,66
https://api.weather.gov/gridpoints/BOX/94,66
https://api.weather.gov/gridpoints/BOX/93,66
https://api.weather.gov/gridpoints/BOX/94,66
https://api.weather.gov/gridpoints/BOX/93,61
https://api.weather.gov/gridpoints/GYX/23,21
https://api.weather.gov/gridpoints/GYX/23,22
https://api.weather.gov/gridpoints/GYX/23,21
https://api.weather.gov/gridpoints/GYX/23,20
https://api.weather.gov/gridpoints/GYX/23,21
https://api.weather.gov/gridpoints/GYX/23,21
https://api.weather.gov/gridpoints/GYX/23,21
https://api.weather.gov/gridpoints/GYX/23,21
https://api.weather.gov/gridpoints/GYX/23,20
https://api.weather.gov/gridpoints/BOX/83,105
https://api.weather.gov/gridpoints/BOX/102,63
https://api.weather.gov/gridpoints/BOX/102,63
https://api.weather.gov/gridpoints/BOX/9,91
https://api.weather.gov/gridpoints/ALY/89,62
https://api.weather.gov/gridpoints/ALY/89,62
https://api.weather.gov/gridpoints/ALY/88,63
https://api.weather.gov/gridpoints/ALY/89,63
https://api.weather.gov/gridpoints/ALY/89,62
https://api.weather.gov/gridpoints/ALY/88,63
https://api.weather.gov/gridpoints/ALY/88,63
https://api.weather.gov/gridpoints/ALY/89,62
https://api.weather.gov/gridpoints/ALY/88,63
https://api.weather.gov/gridpoints/ALY/88,63
https://api.weather.gov/gridpoints/ALY/88,63
https://api.weather.gov/gridpoints/ALY/89,63
https://api.weather.gov/gridpoints/CAR/34,73
https://api.weather.gov/gridpoints/GYX/80,126
https://api.weather.gov/gridpoints/CAR/35,73
https://api.weather.gov/gridpoints/CAR/34,73
https://api.weather.gov/gridpoints/GYX/82,129
https://api.weather.gov/gridpoints/GYX/82,128
https://api.weather.gov/gridpoints/GYX/82,130
https://api.weather.gov/gridpoints/GYX/81,127
https://api.weather.gov/gridpoints/GYX/80,126
https://api.weather.gov/gridpoints/GYX/82,128
https://api.weather.gov/gridpoints/CAR/35,74
https://api.weather.gov/gridpoints/GYX/82,130
https://api.weather.gov/gridpoints/GYX/78,129
https://api.weather.gov/gridpoints/CAR/34,74
https://api.weather.gov/gridpoints/GYX/81,127
https://api.weather.gov/gridpoints/CAR/34,73
https://api.weather.gov/gridpoints/CAR/35,74
https://api.weather.gov/gridpoints/CAR/35,74
https://api.weather.gov/gridpoints/GYX/80,125
https://api.weather.gov/gridpoints/CAR/35,74
https://api.weather.gov/gridpoints/GYX/80,126
https://api.weather.gov/gridpoints/GYX/80,126
https://api.weather.gov/gridpoints/GYX/82,131
https://api.weather.gov/gridpoints/GYX/82,129
https://api.weather.gov/gridpoints/GYX/81,128
https://api.weather.gov/gridpoints/GYX/81,127
https://api.weather.gov/gridpoints/GYX/82,128
https://api.weather.gov/gridpoints/CAR/34,74
https://api.weather.gov/gridpoints/GYX/81,128
https://api.weather.gov/gridpoints/CAR/35,74
https://api.weather.gov/gridpoints/GYX/81,127
https://api.weather.gov/gridpoints/GYX/82,131
https://api.weather.gov/gridpoints/CAR/34,74
https://api.weather.gov/gridpoints/GYX/80,126
https://api.weather.gov/gridpoints/GYX/80,127
https://api.weather.gov/gridpoints/GYX/82,129
https://api.weather.gov/gridpoints/GYX/82,129
https://api.weather.gov/gridpoints/GYX/83,131
https://api.weather.gov/gridpoints/GYX/83,131
https://api.weather.gov/gridpoints/CAR/34,74
https://api.weather.gov/gridpoints/GYX/80,127
https://api.weather.gov/gridpoints/CAR/34,74
https://api.weather.gov/gridpoints/GYX/79,130
https://api.weather.gov/gridpoints/GYX/78,129
https://api.weather.gov/gridpoints/GYX/82,130
https://api.weather.gov/gridpoints/CAR/35,73
https://api.weather.gov/gridpoints/GYX/82,130
https://api.weather.gov/gridpoints/CAR/34,74
https://api.weather.gov/gridpoints/CAR/34,73
https://api.weather.gov/gridpoints/GYX/82,130
https://api.weather.gov/gridpoints/CAR/34,74
https://api.weather.gov/gridpoints/GYX/80,127
https://api.weather.gov/gridpoints/GYX/80,126
https://api.weather.gov/gridpoints/GYX/83,131
https://api.weather.gov/gridpoints/GYX/80,126
https://api.weather.gov/gridpoints/CAR/34,74
https://api.weather.gov/gridpoints/BOX/65,31
https://api.weather.gov/gridpoints/BOX/66,31
https://api.weather.gov/gridpoints/BOX/66,31
https://api.weather.gov/gridpoints/BOX/66,32
https://api.weather.gov/gridpoints/BOX/66,31
https://api.weather.gov/gridpoints/BTV/101,56
https://api.weather.gov/gridpoints/CAR/87,61
https://api.weather.gov/gridpoints/CAR/87,63
https://api.weather.gov/gridpoints/CAR/87,63
https://api.weather.gov/gridpoints/CAR/87,62
https://api.weather.gov/gridpoints/CAR/87,63
https://api.weather.gov/gridpoints/CAR/86,63
https://api.weather.gov/gridpoints/CAR/86,63
https://api.weather.gov/gridpoints/CAR/87,63
https://api.weather.gov/gridpoints/CAR/87,61
https://api.weather.gov/gridpoints/CAR/87,62
https://api.weather.gov/gridpoints/CAR/87,63
https://api.weather.gov/gridpoints/CAR/87,62
https://api.weather.gov/gridpoints/CAR/87,61
https://api.weather.gov/gridpoints/CAR/87,62
https://api.weather.gov/gridpoints/CAR/87,63
https://api.weather.gov/gridpoints/CAR/87,62
https://api.weather.gov/gridpoints/CAR/86,63
https://api.weather.gov/gridpoints/CAR/87,61
https://api.weather.gov/gridpoints/CAR/86,63
https://api.weather.gov/gridpoints/BOX/89,73
https://api.weather.gov/gridpoints/GYX/68,98
https://api.weather.gov/gridpoints/GYX/68,97
https://api.weather.gov/gridpoints/GYX/68,98
https://api.weather.gov/gridpoints/GYX/68,98
https://api.weather.gov/gridpoints/GYX/67,97
https://api.weather.gov/gridpoints/GYX/68,97
https://api.weather.gov/gridpoints/GYX/68,98
https://api.weather.gov/gridpoints/GYX/68,98
https://api.weather.gov/gridpoints/BOX/108,65
https://api.weather.gov/gridpoints/BOX/71,91
https://api.weather.gov/gridpoints/BOX/70,92
https://api.weather.gov/gridpoints/ALY/96,77
https://api.weather.gov/gridpoints/ALY/97,76
https://api.weather.gov/gridpoints/ALY/96,77
https://api.weather.gov/gridpoints/ALY/97,77
https://api.weather.gov/gridpoints/ALY/97,76
https://api.weather.gov/gridpoints/ALY/96,78
https://api.weather.gov/gridpoints/ALY/96,78
https://api.weather.gov/gridpoints/ALY/96,77
https://api.weather.gov/gridpoints/ALY/97,76
https://api.weather.gov/gridpoints/ALY/97,77
https://api.weather.gov/gridpoints/ALY/96,78
https://api.weather.gov/gridpoints/ALY/96,77
https://api.weather.gov/gridpoints/ALY/97,76
https://api.weather.gov/gridpoints/ALY/96,77
https://api.weather.gov/gridpoints/ALY/97,76
https://api.weather.gov/gridpoints/BOX/40,95
https://api.weather.gov/gridpoints/BOX/40,95
https://api.weather.gov/gridpoints/BTV/91,55
https://api.weather.gov/gridpoints/BTV/91,55
https://api.weather.gov/gridpoints/BOX/83,104
https://api.weather.gov/gridpoints/BOX/83,104
https://api.weather.gov/gridpoints/BOX/84,58
https://api.weather.gov/gridpoints/BOX/83,59
https://api.weather.gov/gridpoints/BOX/92,59
https://api.weather.gov/gridpoints/BOX/93,59
https://api.weather.gov/gridpoints/BOX/92,59
https://api.weather.gov/gridpoints/BOX/65,62
https://api.weather.gov/gridpoints/BOX/65,62
https://api.weather.gov/gridpoints/BOX/65,62
https://api.weather.gov/gridpoints/BOX/73,92
https://api.weather.gov/gridpoints/GYX/118,87
https://api.weather.gov/gridpoints/GYX/118,87
https://api.weather.gov/gridpoints/GYX/118,87
https://api.weather.gov/gridpoints/BOX/91,66
https://api.weather.gov/gridpoints/BOX/91,66
https://api.weather.gov/gridpoints/BOX/91,66
https://api.weather.gov/gridpoints/BOX/91,66
https://api.weather.gov/gridpoints/GYX/54,156
https://api.weather.gov/gridpoints/GYX/54,156
https://api.weather.gov/gridpoints/BTV/92,66
https://api.weather.gov/gridpoints/BTV/92,66
https://api.weather.gov/gridpoints/BTV/92,66
https://api.weather.gov/gridpoints/BTV/92,66
https://api.weather.gov/gridpoints/GYX/34,102
https://api.weather.gov/gridpoints/GYX/33,103
https://api.weather.gov/gridpoints/GYX/34,102
https://api.weather.gov/gridpoints/GYX/32,105
https://api.weather.gov/gridpoints/GYX/32,105
https://api.weather.gov/gridpoints/GYX/32,107
https://api.weather.gov/gridpoints/GYX/33,104
https://api.weather.gov/gridpoints/GYX/32,104
https://api.weather.gov/gridpoints/GYX/34,101
https://api.weather.gov/gridpoints/GYX/34,102
https://api.weather.gov/gridpoints/GYX/32,103
https://api.weather.gov/gridpoints/GYX/34,102
https://api.weather.gov/gridpoints/GYX/33,103
https://api.weather.gov/gridpoints/GYX/34,102
https://api.weather.gov/gridpoints/GYX/32,103
https://api.weather.gov/gridpoints/GYX/32,107
https://api.weather.gov/gridpoints/GYX/32,106
https://api.weather.gov/gridpoints/GYX/34,102
https://api.weather.gov/gridpoints/GYX/32,105
https://api.weather.gov/gridpoints/GYX/32,107
https://api.weather.gov/gridpoints/GYX/32,104
https://api.weather.gov/gridpoints/GYX/32,104
https://api.weather.gov/gridpoints/GYX/32,104
https://api.weather.gov/gridpoints/GYX/34,102
https://api.weather.gov/gridpoints/GYX/32,104
https://api.weather.gov/gridpoints/GYX/33,103
https://api.weather.gov/gridpoints/GYX/33,103
https://api.weather.gov/gridpoints/GYX/32,104
https://api.weather.gov/gridpoints/GYX/32,104
https://api.weather.gov/gridpoints/GYX/32,107
https://api.weather.gov/gridpoints/GYX/32,105
https://api.weather.gov/gridpoints/GYX/32,107
https://api.weather.gov/gridpoints/GYX/32,106
https://api.weather.gov/gridpoints/ALY/97,77
https://api.weather.gov/gridpoints/ALY/97,77
https://api.weather.gov/gridpoints/ALY/97,77
https://api.weather.gov/gridpoints/ALY/97,77
https://api.weather.gov/gridpoints/ALY/97,77
https://api.weather.gov/gridpoints/ALY/97,77
https://api.weather.gov/gridpoints/ALY/97,77
https://api.weather.gov/gridpoints/ALY/97,77
https://api.weather.gov/gridpoints/ALY/97,77
https://api.weather.gov/gridpoints/ALY/97,77
https://api.weather.gov/gridpoints/ALY/97,77
https://api.weather.gov/gridpoints/GYX/25,54
https://api.weather.gov/gridpoints/GYX/25,54
https://api.weather.gov/gridpoints/GYX/24,55
https://api.weather.gov/gridpoints/GYX/25,55
https://api.weather.gov/gridpoints/GYX/23,55
https://api.weather.gov/gridpoints/GYX/21,53
https://api.weather.gov/gridpoints/GYX/25,54
https://api.weather.gov/gridpoints/GYX/25,54
https://api.weather.gov/gridpoints/GYX/23,55
https://api.weather.gov/gridpoints/GYX/24,55
https://api.weather.gov/gridpoints/GYX/25,53
https://api.weather.gov/gridpoints/GYX/24,54
https://api.weather.gov/gridpoints/GYX/24,55
https://api.weather.gov/gridpoints/GYX/25,54
https://api.weather.gov/gridpoints/GYX/25,53
https://api.weather.gov/gridpoints/GYX/24,54
https://api.weather.gov/gridpoints/GYX/20,54
https://api.weather.gov/gridpoints/GYX/20,54
https://api.weather.gov/gridpoints/GYX/24,55
https://api.weather.gov/gridpoints/GYX/24,55
https://api.weather.gov/gridpoints/GYX/25,54
https://api.weather.gov/gridpoints/GYX/25,54
https://api.weather.gov/gridpoints/GYX/24,55
https://api.weather.gov/gridpoints/GYX/25,54
https://api.weather.gov/gridpoints/CAR/86,65
https://api.weather.gov/gridpoints/CAR/87,65
https://api.weather.gov/gridpoints/CAR/87,65
https://api.weather.gov/gridpoints/CAR/86,65
https://api.weather.gov/gridpoints/CAR/88,65
https://api.weather.gov/gridpoints/CAR/88,64
https://api.weather.gov/gridpoints/CAR/86,65
https://api.weather.gov/gridpoints/CAR/87,63
https://api.weather.gov/gridpoints/CAR/86,64
https://api.weather.gov/gridpoints/CAR/86,64
https://api.weather.gov/gridpoints/CAR/87,65
https://api.weather.gov/gridpoints/CAR/88,65
https://api.weather.gov/gridpoints/CAR/86,65
https://api.weather.gov/gridpoints/CAR/88,64
https://api.weather.gov/gridpoints/CAR/87,65
https://api.weather.gov/gridpoints/CAR/87,65
https://api.weather.gov/gridpoints/CAR/88,64
https://api.weather.gov/gridpoints/BTV/91,56
https://api.weather.gov/gridpoints/BOX/71,53
https://api.weather.gov/gridpoints/BOX/12,73
https://api.weather.gov/gridpoints/BOX/12,73
https://api.weather.gov/gridpoints/BOX/48,80
https://api.weather.gov/gridpoints/BOX/3,94
https://api.weather.gov/gridpoints/ALY/95,71
https://api.weather.gov/gridpoints/ALY/95,70
https://api.weather.gov/gridpoints/BOX/3,95
https://api.weather.gov/gridpoints/ALY/95,71
https://api.weather.gov/gridpoints/ALY/95,71
https://api.weather.gov/gridpoints/ALY/95,71
https://api.weather.gov/gridpoints/ALY/95,71
https://api.weather.gov/gridpoints/BOX/3,94
https://api.weather.gov/gridpoints/ALY/95,71
https://api.weather.gov/gridpoints/BOX/3,95
https://api.weather.gov/gridpoints/BOX/3,95
https://api.weather.gov/gridpoints/BOX/3,95
https://api.weather.gov/gridpoints/BOX/3,94
https://api.weather.gov/gridpoints/ALY/96,70
https://api.weather.gov/gridpoints/ALY/95,70
https://api.weather.gov/gridpoints/ALY/95,71
https://api.weather.gov/gridpoints/ALY/95,70
https://api.weather.gov/gridpoints/BOX/3,95
https://api.weather.gov/gridpoints/BOX/76,88
https://api.weather.gov/gridpoints/BOX/79,87
https://api.weather.gov/gridpoints/BOX/102,63
https://api.weather.gov/gridpoints/BOX/72,88
https://api.weather.gov/gridpoints/BOX/76,107
https://api.weather.gov/gridpoints/BOX/76,107
https://api.weather.gov/gridpoints/GYX/38,90
https://api.weather.gov/gridpoints/GYX/38,90
https://api.weather.gov/gridpoints/GYX/38,90
https://api.weather.gov/gridpoints/GYX/38,90
https://api.weather.gov/gridpoints/GYX/38,90
https://api.weather.gov/gridpoints/ALY/88,61
https://api.weather.gov/gridpoints/GYX/48,133
https://api.weather.gov/gridpoints/GYX/52,133
https://api.weather.gov/gridpoints/GYX/52,133
https://api.weather.gov/gridpoints/GYX/53,134
https://api.weather.gov/gridpoints/GYX/52,134
https://api.weather.gov/gridpoints/GYX/53,134
https://api.weather.gov/gridpoints/GYX/51,133
https://api.weather.gov/gridpoints/GYX/52,135
https://api.weather.gov/gridpoints/GYX/53,134
https://api.weather.gov/gridpoints/GYX/53,134
https://api.weather.gov/gridpoints/GYX/52,135
https://api.weather.gov/gridpoints/GYX/52,134
https://api.weather.gov/gridpoints/GYX/51,133
https://api.weather.gov/gridpoints/GYX/53,134
https://api.weather.gov/gridpoints/GYX/52,133
https://api.weather.gov/gridpoints/GYX/52,134
https://api.weather.gov/gridpoints/GYX/53,134
https://api.weather.gov/gridpoints/GYX/52,134
https://api.weather.gov/gridpoints/GYX/52,135
https://api.weather.gov/gridpoints/GYX/53,134
https://api.weather.gov/gridpoints/GYX/53,134
https://api.weather.gov/gridpoints/GYX/52,134
https://api.weather.gov/gridpoints/GYX/53,137
https://api.weather.gov/gridpoints/GYX/52,137
https://api.weather.gov/gridpoints/GYX/53,137
https://api.weather.gov/gridpoints/GYX/52,137
https://api.weather.gov/gridpoints/GYX/53,137
https://api.weather.gov/gridpoints/GYX/53,137
https://api.weather.gov/gridpoints/GYX/52,137
https://api.weather.gov/gridpoints/GYX/53,136
https://api.weather.gov/gridpoints/GYX/53,137
https://api.weather.gov/gridpoints/GYX/53,136
https://api.weather.gov/gridpoints/GYX/48,136
https://api.weather.gov/gridpoints/GYX/53,136
https://api.weather.gov/gridpoints/GYX/53,137
https://api.weather.gov/gridpoints/GYX/53,136
https://api.weather.gov/gridpoints/GYX/53,137
https://api.weather.gov/gridpoints/GYX/53,137
https://api.weather.gov/gridpoints/GYX/53,136
https://api.weather.gov/gridpoints/GYX/52,137
https://api.weather.gov/gridpoints/GYX/52,137
https://api.weather.gov/gridpoints/GYX/53,136
https://api.weather.gov/gridpoints/GYX/53,137
https://api.weather.gov/gridpoints/GYX/53,136
https://api.weather.gov/gridpoints/BTV/112,73
https://api.weather.gov/gridpoints/BTV/113,74
https://api.weather.gov/gridpoints/BTV/112,73
https://api.weather.gov/gridpoints/BTV/113,74
https://api.weather.gov/gridpoints/BTV/113,74
https://api.weather.gov/gridpoints/BTV/112,73
https://api.weather.gov/gridpoints/BTV/112,73
https://api.weather.gov/gridpoints/BTV/113,74
https://api.weather.gov/gridpoints/BTV/112,73
https://api.weather.gov/gridpoints/BTV/112,72
https://api.weather.gov/gridpoints/BTV/112,74
https://api.weather.gov/gridpoints/BTV/112,74
https://api.weather.gov/gridpoints/BTV/112,73
https://api.weather.gov/gridpoints/BTV/112,73
https://api.weather.gov/gridpoints/BTV/113,74
https://api.weather.gov/gridpoints/BTV/113,74
https://api.weather.gov/gridpoints/BTV/113,74
https://api.weather.gov/gridpoints/BTV/112,73
https://api.weather.gov/gridpoints/BTV/112,73
https://api.weather.gov/gridpoints/BTV/112,72
https://api.weather.gov/gridpoints/BTV/112,73
https://api.weather.gov/gridpoints/BOX/86,75
https://api.weather.gov/gridpoints/BOX/74,95
https://api.weather.gov/gridpoints/GYX/17,28
https://api.weather.gov/gridpoints/GYX/17,28
https://api.weather.gov/gridpoints/GYX/17,29
https://api.weather.gov/gridpoints/GYX/18,28
https://api.weather.gov/gridpoints/GYX/17,28
https://api.weather.gov/gridpoints/GYX/17,29
https://api.weather.gov/gridpoints/GYX/14,27
https://api.weather.gov/gridpoints/GYX/17,29
https://api.weather.gov/gridpoints/GYX/17,28
https://api.weather.gov/gridpoints/GYX/17,29
https://api.weather.gov/gridpoints/GYX/17,28
https://api.weather.gov/gridpoints/GYX/17,28
https://api.weather.gov/gridpoints/BOX/75,90
https://api.weather.gov/gridpoints/BOX/75,90
https://api.weather.gov/gridpoints/BOX/74,111
https://api.weather.gov/gridpoints/CAR/81,149
https://api.weather.gov/gridpoints/CAR/81,148
https://api.weather.gov/gridpoints/CAR/81,149
https://api.weather.gov/gridpoints/CAR/81,150
https://api.weather.gov/gridpoints/CAR/81,149
https://api.weather.gov/gridpoints/CAR/81,148
https://api.weather.gov/gridpoints/CAR/81,148
https://api.weather.gov/gridpoints/CAR/81,150
https://api.weather.gov/gridpoints/CAR/81,149
https://api.weather.gov/gridpoints/CAR/81,149
https://api.weather.gov/gridpoints/CAR/81,148
https://api.weather.gov/gridpoints/CAR/81,149
https://api.weather.gov/gridpoints/CAR/81,149
https://api.weather.gov/gridpoints/CAR/81,150
https://api.weather.gov/gridpoints/CAR/81,148
https://api.weather.gov/gridpoints/CAR/81,148
https://api.weather.gov/gridpoints/CAR/81,148
https://api.weather.gov/gridpoints/CAR/81,148
https://api.weather.gov/gridpoints/CAR/81,148
https://api.weather.gov/gridpoints/CAR/81,150
https://api.weather.gov/gridpoints/CAR/81,149
https://api.weather.gov/gridpoints/CAR/81,149
https://api.weather.gov/gridpoints/CAR/81,149
https://api.weather.gov/gridpoints/CAR/81,150
https://api.weather.gov/gridpoints/CAR/81,148
https://api.weather.gov/gridpoints/CAR/81,149
https://api.weather.gov/gridpoints/CAR/81,150
https://api.weather.gov/gridpoints/CAR/81,149
https://api.weather.gov/gridpoints/BOX/91,65
https://api.weather.gov/gridpoints/BOX/93,62
https://api.weather.gov/gridpoints/BOX/63,74
https://api.weather.gov/gridpoints/BOX/39,95
https://api.weather.gov/gridpoints/BOX/39,95
https://api.weather.gov/gridpoints/GYX/26,85
https://api.weather.gov/gridpoints/BOX/113,47
https://api.weather.gov/gridpoints/BOX/42,73
https://api.weather.gov/gridpoints/BOX/63,59
https://api.weather.gov/gridpoints/BOX/63,59
https://api.weather.gov/gridpoints/BOX/86,75
https://api.weather.gov/gridpoints/BOX/86,74
https://api.weather.gov/gridpoints/BOX/86,74
https://api.weather.gov/gridpoints/BOX/63,52
https://api.weather.gov/gridpoints/CAR/75,126
https://api.weather.gov/gridpoints/CAR/77,125
https://api.weather.gov/gridpoints/CAR/75,124
https://api.weather.gov/gridpoints/CAR/77,123
https://api.weather.gov/gridpoints/CAR/77,125
https://api.weather.gov/gridpoints/CAR/77,125
https://api.weather.gov/gridpoints/CAR/76,124
https://api.weather.gov/gridpoints/CAR/76,126
https://api.weather.gov/gridpoints/CAR/75,124
https://api.weather.gov/gridpoints/CAR/77,126
https://api.weather.gov/gridpoints/CAR/76,125
https://api.weather.gov/gridpoints/CAR/77,124
https://api.weather.gov/gridpoints/CAR/77,123
https://api.weather.gov/gridpoints/CAR/75,125
https://api.weather.gov/gridpoints/CAR/76,124
https://api.weather.gov/gridpoints/CAR/77,123
https://api.weather.gov/gridpoints/CAR/76,126
https://api.weather.gov/gridpoints/CAR/77,123
https://api.weather.gov/gridpoints/CAR/77,123
https://api.weather.gov/gridpoints/CAR/75,125
https://api.weather.gov/gridpoints/CAR/76,126
https://api.weather.gov/gridpoints/CAR/75,124
https://api.weather.gov/gridpoints/CAR/77,125
https://api.weather.gov/gridpoints/CAR/75,125
https://api.weather.gov/gridpoints/CAR/75,125
https://api.weather.gov/gridpoints/CAR/76,125
https://api.weather.gov/gridpoints/CAR/76,126
https://api.weather.gov/gridpoints/CAR/75,124
https://api.weather.gov/gridpoints/CAR/77,123
https://api.weather.gov/gridpoints/CAR/75,124
https://api.weather.gov/gridpoints/CAR/75,124
https://api.weather.gov/gridpoints/CAR/76,126
https://api.weather.gov/gridpoints/CAR/78,125
https://api.weather.gov/gridpoints/CAR/78,125
https://api.weather.gov/gridpoints/CAR/78,125
https://api.weather.gov/gridpoints/CAR/76,123
https://api.weather.gov/gridpoints/CAR/75,125
https://api.weather.gov/gridpoints/CAR/77,124
https://api.weather.gov/gridpoints/CAR/76,126
https://api.weather.gov/gridpoints/CAR/78,125
https://api.weather.gov/gridpoints/CAR/76,126
https://api.weather.gov/gridpoints/CAR/77,123
https://api.weather.gov/gridpoints/CAR/77,125
https://api.weather.gov/gridpoints/CAR/78,125
https://api.weather.gov/gridpoints/CAR/75,124
https://api.weather.gov/gridpoints/CAR/76,126
https://api.weather.gov/gridpoints/CAR/75,125
https://api.weather.gov/gridpoints/CAR/77,125
https://api.weather.gov/gridpoints/ALY/100,48
https://api.weather.gov/gridpoints/CAR/77,80
https://api.weather.gov/gridpoints/CAR/77,80
https://api.weather.gov/gridpoints/CAR/78,81
https://api.weather.gov/gridpoints/CAR/76,80
https://api.weather.gov/gridpoints/CAR/78,81
https://api.weather.gov/gridpoints/CAR/76,80
https://api.weather.gov/gridpoints/CAR/76,80
https://api.weather.gov/gridpoints/CAR/77,80
https://api.weather.gov/gridpoints/CAR/78,81
https://api.weather.gov/gridpoints/CAR/77,80
https://api.weather.gov/gridpoints/CAR/76,80
https://api.weather.gov/gridpoints/CAR/76,80
https://api.weather.gov/gridpoints/CAR/76,80
https://api.weather.gov/gridpoints/GYX/99,103
https://api.weather.gov/gridpoints/GYX/99,103
https://api.weather.gov/gridpoints/GYX/99,103
https://api.weather.gov/gridpoints/BOX/74,62
https://api.weather.gov/gridpoints/OKX/67,67
https://api.weather.gov/gridpoints/CAR/74,63
https://api.weather.gov/gridpoints/CAR/74,63
https://api.weather.gov/gridpoints/CAR/74,63
https://api.weather.gov/gridpoints/CAR/75,63
https://api.weather.gov/gridpoints/CAR/74,63
https://api.weather.gov/gridpoints/BOX/70,54
https://api.weather.gov/gridpoints/CAR/73,153
https://api.weather.gov/gridpoints/BOX/42,90
https://api.weather.gov/gridpoints/BOX/42,90
https://api.weather.gov/gridpoints/GYX/56,101
https://api.weather.gov/gridpoints/GYX/56,103
https://api.weather.gov/gridpoints/GYX/56,102
https://api.weather.gov/gridpoints/GYX/56,102
https://api.weather.gov/gridpoints/GYX/56,101
https://api.weather.gov/gridpoints/GYX/55,103
https://api.weather.gov/gridpoints/GYX/56,103
https://api.weather.gov/gridpoints/GYX/56,103
https://api.weather.gov/gridpoints/GYX/56,102
https://api.weather.gov/gridpoints/GYX/56,102
https://api.weather.gov/gridpoints/GYX/56,102
https://api.weather.gov/gridpoints/GYX/56,101
https://api.weather.gov/gridpoints/GYX/55,103
https://api.weather.gov/gridpoints/GYX/56,103
https://api.weather.gov/gridpoints/GYX/56,102
https://api.weather.gov/gridpoints/GYX/55,103
https://api.weather.gov/gridpoints/GYX/56,103
https://api.weather.gov/gridpoints/GYX/56,102
https://api.weather.gov/gridpoints/GYX/55,103
https://api.weather.gov/gridpoints/GYX/56,103
https://api.weather.gov/gridpoints/GYX/55,103
https://api.weather.gov/gridpoints/GYX/56,101
https://api.weather.gov/gridpoints/BTV/115,46
https://api.weather.gov/gridpoints/CAR/74,92
https://api.weather.gov/gridpoints/CAR/74,89
https://api.weather.gov/gridpoints/CAR/74,88
https://api.weather.gov/gridpoints/CAR/73,89
https://api.weather.gov/gridpoints/CAR/74,88
https://api.weather.gov/gridpoints/CAR/74,88
https://api.weather.gov/gridpoints/CAR/74,87
https://api.weather.gov/gridpoints/CAR/74,93
https://api.weather.gov/gridpoints/CAR/74,92
https://api.weather.gov/gridpoints/CAR/74,87
https://api.weather.gov/gridpoints/CAR/74,88
https://api.weather.gov/gridpoints/CAR/74,89
https://api.weather.gov/gridpoints/CAR/74,87
https://api.weather.gov/gridpoints/CAR/74,93
https://api.weather.gov/gridpoints/CAR/74,87
https://api.weather.gov/gridpoints/CAR/74,92
https://api.weather.gov/gridpoints/CAR/74,92
https://api.weather.gov/gridpoints/CAR/74,87
https://api.weather.gov/gridpoints/CAR/74,89
https://api.weather.gov/gridpoints/CAR/74,87
https://api.weather.gov/gridpoints/CAR/74,92
https://api.weather.gov/gridpoints/CAR/74,88
https://api.weather.gov/gridpoints/CAR/74,92
https://api.weather.gov/gridpoints/CAR/74,89
https://api.weather.gov/gridpoints/CAR/74,92
https://api.weather.gov/gridpoints/CAR/74,87
https://api.weather.gov/gridpoints/CAR/73,93
https://api.weather.gov/gridpoints/CAR/74,88
https://api.weather.gov/gridpoints/CAR/74,91
https://api.weather.gov/gridpoints/CAR/73,89
https://api.weather.gov/gridpoints/CAR/74,91
https://api.weather.gov/gridpoints/CAR/73,93
https://api.weather.gov/gridpoints/CAR/74,89
https://api.weather.gov/gridpoints/CAR/74,89
https://api.weather.gov/gridpoints/CAR/73,93
https://api.weather.gov/gridpoints/CAR/74,92
https://api.weather.gov/gridpoints/CAR/74,91
https://api.weather.gov/gridpoints/CAR/74,91
https://api.weather.gov/gridpoints/CAR/73,89
https://api.weather.gov/gridpoints/CAR/74,92
https://api.weather.gov/gridpoints/GYX/56,101
https://api.weather.gov/gridpoints/GYX/57,100
https://api.weather.gov/gridpoints/GYX/56,100
https://api.weather.gov/gridpoints/GYX/65,102
https://api.weather.gov/gridpoints/GYX/65,102
https://api.weather.gov/gridpoints/GYX/65,102
https://api.weather.gov/gridpoints/GYX/65,102
https://api.weather.gov/gridpoints/GYX/65,102
https://api.weather.gov/gridpoints/GYX/65,102
https://api.weather.gov/gridpoints/GYX/65,102
https://api.weather.gov/gridpoints/GYX/65,102
https://api.weather.gov/gridpoints/GYX/64,101
https://api.weather.gov/gridpoints/GYX/64,101
https://api.weather.gov/gridpoints/GYX/64,101
https://api.weather.gov/gridpoints/GYX/64,101
https://api.weather.gov/gridpoints/BOX/74,56
https://api.weather.gov/gridpoints/BOX/84,84
https://api.weather.gov/gridpoints/BTV/123,71
https://api.weather.gov/gridpoints/BTV/124,72
https://api.weather.gov/gridpoints/BTV/123,71
https://api.weather.gov/gridpoints/BTV/124,72
https://api.weather.gov/gridpoints/BTV/123,72
https://api.weather.gov/gridpoints/BTV/124,72
https://api.weather.gov/gridpoints/BTV/123,72
https://api.weather.gov/gridpoints/BTV/123,71
https://api.weather.gov/gridpoints/BTV/123,71
https://api.weather.gov/gridpoints/BTV/124,72
https://api.weather.gov/gridpoints/BTV/124,72
https://api.weather.gov/gridpoints/BTV/124,72
https://api.weather.gov/gridpoints/BTV/123,71
https://api.weather.gov/gridpoints/BTV/124,72
https://api.weather.gov/gridpoints/BTV/123,72
https://api.weather.gov/gridpoints/BTV/124,72
https://api.weather.gov/gridpoints/GYX/60,91
https://api.weather.gov/gridpoints/GYX/60,92
https://api.weather.gov/gridpoints/GYX/60,91
https://api.weather.gov/gridpoints/GYX/60,92
https://api.weather.gov/gridpoints/GYX/60,92
https://api.weather.gov/gridpoints/GYX/60,92
https://api.weather.gov/gridpoints/GYX/60,92
https://api.weather.gov/gridpoints/GYX/60,92
https://api.weather.gov/gridpoints/GYX/60,91
https://api.weather.gov/gridpoints/GYX/60,91
https://api.weather.gov/gridpoints/CAR/85,101
https://api.weather.gov/gridpoints/CAR/85,102
https://api.weather.gov/gridpoints/CAR/85,103
https://api.weather.gov/gridpoints/CAR/85,102
https://api.weather.gov/gridpoints/CAR/85,101
https://api.weather.gov/gridpoints/CAR/85,102
https://api.weather.gov/gridpoints/CAR/85,100
https://api.weather.gov/gridpoints/CAR/85,99
https://api.weather.gov/gridpoints/CAR/85,101
https://api.weather.gov/gridpoints/CAR/85,100
https://api.weather.gov/gridpoints/CAR/85,101
https://api.weather.gov/gridpoints/CAR/85,102
https://api.weather.gov/gridpoints/CAR/85,99
https://api.weather.gov/gridpoints/CAR/85,101
https://api.weather.gov/gridpoints/CAR/85,101
https://api.weather.gov/gridpoints/CAR/85,101
https://api.weather.gov/gridpoints/CAR/85,100
https://api.weather.gov/gridpoints/CAR/85,100
https://api.weather.gov/gridpoints/CAR/85,99
https://api.weather.gov/gridpoints/CAR/85,103
https://api.weather.gov/gridpoints/CAR/85,100
https://api.weather.gov/gridpoints/CAR/85,100
https://api.weather.gov/gridpoints/CAR/85,99
https://api.weather.gov/gridpoints/CAR/85,99
https://api.weather.gov/gridpoints/CAR/85,100
https://api.weather.gov/gridpoints/CAR/85,102
https://api.weather.gov/gridpoints/CAR/85,101
https://api.weather.gov/gridpoints/CAR/85,103
https://api.weather.gov/gridpoints/CAR/85,100
https://api.weather.gov/gridpoints/CAR/85,101
https://api.weather.gov/gridpoints/CAR/85,99
https://api.weather.gov/gridpoints/CAR/85,101
https://api.weather.gov/gridpoints/CAR/85,102
https://api.weather.gov/gridpoints/CAR/85,103
https://api.weather.gov/gridpoints/CAR/85,99
https://api.weather.gov/gridpoints/CAR/85,100
https://api.weather.gov/gridpoints/CAR/85,102
https://api.weather.gov/gridpoints/CAR/85,99
https://api.weather.gov/gridpoints/CAR/85,104
https://api.weather.gov/gridpoints/CAR/84,105
https://api.weather.gov/gridpoints/CAR/84,106
https://api.weather.gov/gridpoints/CAR/84,105
https://api.weather.gov/gridpoints/CAR/84,105
https://api.weather.gov/gridpoints/CAR/85,104
https://api.weather.gov/gridpoints/CAR/84,105
https://api.weather.gov/gridpoints/CAR/84,106
https://api.weather.gov/gridpoints/CAR/85,104
https://api.weather.gov/gridpoints/CAR/84,106
https://api.weather.gov/gridpoints/CAR/85,104
https://api.weather.gov/gridpoints/CAR/84,106
https://api.weather.gov/gridpoints/CAR/85,105
https://api.weather.gov/gridpoints/CAR/85,104
https://api.weather.gov/gridpoints/CAR/84,106
https://api.weather.gov/gridpoints/CAR/85,104
https://api.weather.gov/gridpoints/CAR/84,105
https://api.weather.gov/gridpoints/BOX/36,94
https://api.weather.gov/gridpoints/BOX/79,57
https://api.weather.gov/gridpoints/BOX/55,55
https://api.weather.gov/gridpoints/BOX/55,55
https://api.weather.gov/gridpoints/BOX/55,55
https://api.weather.gov/gridpoints/BOX/55,55
https://api.weather.gov/gridpoints/BOX/54,56
https://api.weather.gov/gridpoints/BOX/54,56
https://api.weather.gov/gridpoints/BOX/55,55
https://api.weather.gov/gridpoints/BOX/55,55
https://api.weather.gov/gridpoints/BOX/55,55
https://api.weather.gov/gridpoints/BOX/55,55
https://api.weather.gov/gridpoints/BOX/60,62
https://api.weather.gov/gridpoints/BOX/60,62
https://api.weather.gov/gridpoints/BOX/60,62
https://api.weather.gov/gridpoints/BOX/60,62
https://api.weather.gov/gridpoints/BOX/71,55
https://api.weather.gov/gridpoints/BOX/65,62
https://api.weather.gov/gridpoints/BOX/65,62
https://api.weather.gov/gridpoints/BOX/65,62
https://api.weather.gov/gridpoints/BOX/60,62
https://api.weather.gov/gridpoints/BOX/60,62
https://api.weather.gov/gridpoints/BOX/59,62
https://api.weather.gov/gridpoints/CAR/85,63
https://api.weather.gov/gridpoints/CAR/85,63
https://api.weather.gov/gridpoints/CAR/83,67
https://api.weather.gov/gridpoints/CAR/86,63
https://api.weather.gov/gridpoints/CAR/84,63
https://api.weather.gov/gridpoints/CAR/85,63
https://api.weather.gov/gridpoints/CAR/84,66
https://api.weather.gov/gridpoints/CAR/83,66
https://api.weather.gov/gridpoints/CAR/84,63
https://api.weather.gov/gridpoints/CAR/84,67
https://api.weather.gov/gridpoints/CAR/84,67
https://api.weather.gov/gridpoints/CAR/84,63
https://api.weather.gov/gridpoints/CAR/85,63
https://api.weather.gov/gridpoints/CAR/84,66
https://api.weather.gov/gridpoints/CAR/86,63
https://api.weather.gov/gridpoints/CAR/85,63
https://api.weather.gov/gridpoints/CAR/83,66
https://api.weather.gov/gridpoints/CAR/84,67
https://api.weather.gov/gridpoints/CAR/86,63
https://api.weather.gov/gridpoints/CAR/84,66
https://api.weather.gov/gridpoints/CAR/84,67
https://api.weather.gov/gridpoints/CAR/83,66
https://api.weather.gov/gridpoints/ALY/98,48
https://api.weather.gov/gridpoints/ALY/97,35
https://api.weather.gov/gridpoints/ALY/97,35
https://api.weather.gov/gridpoints/BOX/92,56
https://api.weather.gov/gridpoints/BTV/89,34
https://api.weather.gov/gridpoints/GYX/56,101
